Archive member included to satisfy reference by file (symbol)

d:/tools/gcc-arm-none-eabi-10.3-2021.10/bin/../lib/gcc/arm-none-eabi/10.3.1/thumb/v6-m/nofp\libgcc.a(_dvmd_tls.o)
                              CMakeFiles/lcd_pwm_demo.dir/D_/pico/pico-sdk/src/rp2_common/pico_divider/divider.S.obj (__aeabi_idiv0)
d:/tools/gcc-arm-none-eabi-10.3-2021.10/bin/../lib/gcc/arm-none-eabi/10.3.1/../../../../arm-none-eabi/lib/thumb/v6-m/nofp\libc.a(lib_a-calloc.o)
                              CMakeFiles/lcd_pwm_demo.dir/D_/pico/pico-sdk/src/rp2_common/pico_malloc/pico_malloc.c.obj (calloc)
d:/tools/gcc-arm-none-eabi-10.3-2021.10/bin/../lib/gcc/arm-none-eabi/10.3.1/../../../../arm-none-eabi/lib/thumb/v6-m/nofp\libc.a(lib_a-callocr.o)
                              d:/tools/gcc-arm-none-eabi-10.3-2021.10/bin/../lib/gcc/arm-none-eabi/10.3.1/../../../../arm-none-eabi/lib/thumb/v6-m/nofp\libc.a(lib_a-calloc.o) (_calloc_r)
d:/tools/gcc-arm-none-eabi-10.3-2021.10/bin/../lib/gcc/arm-none-eabi/10.3.1/../../../../arm-none-eabi/lib/thumb/v6-m/nofp\libc.a(lib_a-errno.o)
                              d:/tools/gcc-arm-none-eabi-10.3-2021.10/bin/../lib/gcc/arm-none-eabi/10.3.1/../../../../arm-none-eabi/lib/thumb/v6-m/nofp\libc.a(lib_a-callocr.o) (__errno)
d:/tools/gcc-arm-none-eabi-10.3-2021.10/bin/../lib/gcc/arm-none-eabi/10.3.1/../../../../arm-none-eabi/lib/thumb/v6-m/nofp\libc.a(lib_a-impure.o)
                              d:/tools/gcc-arm-none-eabi-10.3-2021.10/bin/../lib/gcc/arm-none-eabi/10.3.1/../../../../arm-none-eabi/lib/thumb/v6-m/nofp\libc.a(lib_a-calloc.o) (_impure_ptr)
d:/tools/gcc-arm-none-eabi-10.3-2021.10/bin/../lib/gcc/arm-none-eabi/10.3.1/../../../../arm-none-eabi/lib/thumb/v6-m/nofp\libc.a(lib_a-init.o)
                              d:/tools/gcc-arm-none-eabi-10.3-2021.10/bin/../lib/gcc/arm-none-eabi/10.3.1/../../../../arm-none-eabi/lib/thumb/v6-m/nofp/crt0.o (__libc_init_array)
d:/tools/gcc-arm-none-eabi-10.3-2021.10/bin/../lib/gcc/arm-none-eabi/10.3.1/../../../../arm-none-eabi/lib/thumb/v6-m/nofp\libc.a(lib_a-malloc.o)
                              CMakeFiles/lcd_pwm_demo.dir/D_/pico/pico-sdk/src/rp2_common/pico_malloc/pico_malloc.c.obj (malloc)
d:/tools/gcc-arm-none-eabi-10.3-2021.10/bin/../lib/gcc/arm-none-eabi/10.3.1/../../../../arm-none-eabi/lib/thumb/v6-m/nofp\libc.a(lib_a-mallocr.o)
                              d:/tools/gcc-arm-none-eabi-10.3-2021.10/bin/../lib/gcc/arm-none-eabi/10.3.1/../../../../arm-none-eabi/lib/thumb/v6-m/nofp\libc.a(lib_a-callocr.o) (_malloc_r)
d:/tools/gcc-arm-none-eabi-10.3-2021.10/bin/../lib/gcc/arm-none-eabi/10.3.1/../../../../arm-none-eabi/lib/thumb/v6-m/nofp\libc.a(lib_a-mlock.o)
                              d:/tools/gcc-arm-none-eabi-10.3-2021.10/bin/../lib/gcc/arm-none-eabi/10.3.1/../../../../arm-none-eabi/lib/thumb/v6-m/nofp\libc.a(lib_a-mallocr.o) (__malloc_lock)
d:/tools/gcc-arm-none-eabi-10.3-2021.10/bin/../lib/gcc/arm-none-eabi/10.3.1/../../../../arm-none-eabi/lib/thumb/v6-m/nofp\libc.a(lib_a-realloc.o)
                              CMakeFiles/lcd_pwm_demo.dir/D_/pico/pico-sdk/src/rp2_common/pico_malloc/pico_malloc.c.obj (realloc)
d:/tools/gcc-arm-none-eabi-10.3-2021.10/bin/../lib/gcc/arm-none-eabi/10.3.1/../../../../arm-none-eabi/lib/thumb/v6-m/nofp\libc.a(lib_a-reallocr.o)
                              d:/tools/gcc-arm-none-eabi-10.3-2021.10/bin/../lib/gcc/arm-none-eabi/10.3.1/../../../../arm-none-eabi/lib/thumb/v6-m/nofp\libc.a(lib_a-realloc.o) (_realloc_r)
d:/tools/gcc-arm-none-eabi-10.3-2021.10/bin/../lib/gcc/arm-none-eabi/10.3.1/../../../../arm-none-eabi/lib/thumb/v6-m/nofp\libc.a(lib_a-sbrkr.o)
                              d:/tools/gcc-arm-none-eabi-10.3-2021.10/bin/../lib/gcc/arm-none-eabi/10.3.1/../../../../arm-none-eabi/lib/thumb/v6-m/nofp\libc.a(lib_a-mallocr.o) (_sbrk_r)
d:/tools/gcc-arm-none-eabi-10.3-2021.10/bin/../lib/gcc/arm-none-eabi/10.3.1/../../../../arm-none-eabi/lib/thumb/v6-m/nofp\libc.a(lib_a-strlen-stub.o)
                              CMakeFiles/lcd_pwm_demo.dir/lib/fatfs/fatfs_storage.c.obj (strlen)
d:/tools/gcc-arm-none-eabi-10.3-2021.10/bin/../lib/gcc/arm-none-eabi/10.3.1/../../../../arm-none-eabi/lib/thumb/v6-m/nofp\libc.a(lib_a-freer.o)
                              d:/tools/gcc-arm-none-eabi-10.3-2021.10/bin/../lib/gcc/arm-none-eabi/10.3.1/../../../../arm-none-eabi/lib/thumb/v6-m/nofp\libc.a(lib_a-malloc.o) (_free_r)
d:/tools/gcc-arm-none-eabi-10.3-2021.10/bin/../lib/gcc/arm-none-eabi/10.3.1/../../../../arm-none-eabi/lib/thumb/v6-m/nofp\libc.a(lib_a-lock.o)
                              d:/tools/gcc-arm-none-eabi-10.3-2021.10/bin/../lib/gcc/arm-none-eabi/10.3.1/../../../../arm-none-eabi/lib/thumb/v6-m/nofp\libc.a(lib_a-mlock.o) (__retarget_lock_acquire_recursive)
d:/tools/gcc-arm-none-eabi-10.3-2021.10/bin/../lib/gcc/arm-none-eabi/10.3.1/../../../../arm-none-eabi/lib/thumb/v6-m/nofp\libc.a(lib_a-memmove.o)
[...]
Memory Configuration

Name             Origin             Length             Attributes
FLASH            0x10000000         0x00200000         xr
RAM              0x20000000         0x00040000         xrw
SCRATCH_X        0x20040000         0x00001000         xrw
SCRATCH_Y        0x20041000         0x00001000         xrw
*default*        0x00000000         0xffffffff

Linker script and memory map

LOAD d:/tools/gcc-arm-none-eabi-10.3-2021.10/bin/../lib/gcc/arm-none-eabi/10.3.1/thumb/v6-m/nofp/crti.o
LOAD d:/tools/gcc-arm-none-eabi-10.3-2021.10/bin/../lib/gcc/arm-none-eabi/10.3.1/thumb/v6-m/nofp/crtbegin.o
LOAD d:/tools/gcc-arm-none-eabi-10.3-2021.10/bin/../lib/gcc/arm-none-eabi/10.3.1/../../../../arm-none-eabi/lib/thumb/v6-m/nofp/crt0.o

.flash_begin    0x10000000        0x0
                0x10000000                __flash_binary_start = .

.boot2          0x10000000      0x100
                0x10000000                __boot2_start__ = .
 *(.boot2)
 .boot2         0x10000000      0x100 C:\Users\chl_4\AppData\Local\Temp\ccqjCgKI.o
                0x10000100                __boot2_end__ = .
                0x00000001                ASSERT (((__boot2_end__ - __boot2_start__) == 0x100), ERROR: Pico second stage bootloader must be 256 bytes in size)

.text           0x10000100     0xd538
                0x10000100                __logical_binary_start = .
 *(.vectors)
 .vectors       0x10000100       0xd4 CMakeFiles/lcd_pwm_demo.dir/D_/pico/pico-sdk/src/rp2_common/pico_standard_link/crt0.S.obj
                0x10000100                __vectors
                0x10000100                __VECTOR_TABLE
                0x100001c0                isr_invalid
                0x100001c0                __default_isrs_start
                0x100001c2                NMI_Handler
                0x100001c4                HardFault_Handler
                0x100001c6                SVC_Handler
                0x100001c8                PendSV_Handler
                0x100001ca                SysTick_Handler
                0x100001cc                IO_IRQ_BANK0_Handler
                0x100001cc                PIO0_IRQ_0_Handler
                0x100001cc                USBCTRL_IRQ_Handler
                0x100001cc                SPI1_IRQ_Handler
                0x100001cc                isr_irq27
                0x100001cc                isr_irq31
                0x100001cc                PIO1_IRQ_1_Handler
                0x100001cc                DMA_IRQ_1_Handler
                0x100001cc                __unhandled_user_irq
                0x100001cc                SPI0_IRQ_Handler
                0x100001cc                isr_irq28
                0x100001cc                UART0_IRQ_Handler
                0x100001cc                __default_isrs_end
                0x100001cc                PIO0_IRQ_1_Handler
                0x100001cc                I2C0_IRQ_Handler
                0x100001cc                SIO_IRQ_PROC1_Handler
                0x100001cc                TIMER_IRQ_0_Handler
                0x100001cc                isr_irq30
                0x100001cc                UART1_IRQ_Handler
                0x100001cc                TIMER_IRQ_3_Handler
                0x100001cc                DMA_IRQ_0_Handler
                0x100001cc                RTC_IRQ_Handler
                0x100001cc                TIMER_IRQ_2_Handler
                0x100001cc                CLOCKS_IRQ_Handler
                0x100001cc                PIO1_IRQ_0_Handler
                0x100001cc                I2C1_IRQ_Handler
                0x100001cc                ADC_IRQ_FIFO_Handler
                0x100001cc                IO_IRQ_QSPI_Handler
                0x100001cc                SIO_IRQ_PROC0_Handler
                0x100001cc                TIMER_IRQ_1_Handler
                0x100001cc                XIP_IRQ_Handler
                0x100001cc                isr_irq29
                0x100001cc                isr_irq26
                0x100001cc                PWM_IRQ_WRAP_Handler
                0x100001d2                unhandled_user_irq_num_in_r0
 *(.binary_info_header)
 .binary_info_header
                0x100001d4       0x14 CMakeFiles/lcd_pwm_demo.dir/D_/pico/pico-sdk/src/rp2_common/pico_standard_link/crt0.S.obj
                0x100001e8                __binary_info_header_end = .
 *(.reset)
 .reset         0x100001e8       0xa8 CMakeFiles/lcd_pwm_demo.dir/D_/pico/pico-sdk/src/rp2_common/pico_standard_link/crt0.S.obj
                0x100001e8                _entry_point
                0x10000266                __get_current_exception
 .reset         0x10000290       0x30 CMakeFiles/lcd_pwm_demo.dir/D_/pico/pico-sdk/src/rp2_common/pico_standard_link/binary_info.c.obj
 *(.init)
 .init          0x100002c0        0x4 d:/tools/gcc-arm-none-eabi-10.3-2021.10/bin/../lib/gcc/arm-none-eabi/10.3.1/thumb/v6-m/nofp/crti.o
                0x100002c0                _init
 *(EXCLUDE_FILE(*libm.a: *libc.a:*lib_a-mem*.o *libgcc.a:) .text*)
 .text          0x100002c4       0x48 d:/tools/gcc-arm-none-eabi-10.3-2021.10/bin/../lib/gcc/arm-none-eabi/10.3.1/thumb/v6-m/nofp/crtbegin.o
 .text.startup.main
                0x1000030c        0x8 CMakeFiles/lcd_pwm_demo.dir/main.c.obj
                0x1000030c                main
 .text.lcd_test
                0x10000314       0x38 CMakeFiles/lcd_pwm_demo.dir/view/lcd_test.c.obj
                0x10000314                lcd_test
 .text.DEV_Digital_Write
                0x1000034c       0x14 CMakeFiles/lcd_pwm_demo.dir/lib/config/DEV_Config.c.obj
                0x1000034c                DEV_Digital_Write
 .text.DEV_Digital_Read
                0x10000360       0x10 CMakeFiles/lcd_pwm_demo.dir/lib/config/DEV_Config.c.obj
                0x10000360                DEV_Digital_Read
 .text.DEV_PWM_Init
                0x10000370       0x90 CMakeFiles/lcd_pwm_demo.dir/lib/config/DEV_Config.c.obj
                0x10000370                DEV_PWM_Init
 .text.PWMON    0x10000400       0x38 CMakeFiles/lcd_pwm_demo.dir/lib/config/DEV_Config.c.obj
                0x10000400                PWMON
 .text.PWMOFF   0x10000438       0x28 CMakeFiles/lcd_pwm_demo.dir/lib/config/DEV_Config.c.obj
                0x10000438                PWMOFF
 .text.System_Init
                0x10000460       0xa8 CMakeFiles/lcd_pwm_demo.dir/lib/config/DEV_Config.c.obj
                0x10000460                System_Init
 .text.SPI4W_Write_Byte
                0x10000508       0x24 CMakeFiles/lcd_pwm_demo.dir/lib/config/DEV_Config.c.obj
                0x10000508                SPI4W_Write_Byte
 .text.SPI4W_Read_Byte
                0x1000052c       0x20 CMakeFiles/lcd_pwm_demo.dir/lib/config/DEV_Config.c.obj
                0x1000052c                SPI4W_Read_Byte
 .text.Driver_Delay_ms
                0x1000054c        0x8 CMakeFiles/lcd_pwm_demo.dir/lib/config/DEV_Config.c.obj
                0x1000054c                Driver_Delay_ms
 .text.Driver_Delay_us
                0x10000554        0x4 CMakeFiles/lcd_pwm_demo.dir/lib/config/DEV_Config.c.obj
                0x10000554                Driver_Delay_us
 .text.disk_initialize
                0x10000558       0x28 CMakeFiles/lcd_pwm_demo.dir/lib/fatfs/diskio.c.obj
                0x10000558                disk_initialize
 .text.disk_status
                0x10000580        0x4 CMakeFiles/lcd_pwm_demo.dir/lib/fatfs/diskio.c.obj
                0x10000580                disk_status
 .text.disk_read
                0x10000584       0x34 CMakeFiles/lcd_pwm_demo.dir/lib/fatfs/diskio.c.obj
                0x10000584                disk_read
 .text.disk_write
                0x100005b8       0x28 CMakeFiles/lcd_pwm_demo.dir/lib/fatfs/diskio.c.obj
                0x100005b8                disk_write
 .text.disk_ioctl
                0x100005e0       0x54 CMakeFiles/lcd_pwm_demo.dir/lib/fatfs/diskio.c.obj
                0x100005e0                disk_ioctl
 .text.get_fattime
                0x10000634        0x4 CMakeFiles/lcd_pwm_demo.dir/lib/fatfs/diskio.c.obj
                0x10000634                get_fattime
 .text.Storage_OpenReadFile
                0x10000638      0x260 CMakeFiles/lcd_pwm_demo.dir/lib/fatfs/fatfs_storage.c.obj
                0x10000638                Storage_OpenReadFile
 .text.Storage_CheckBitmapFile
                0x10000898       0x24 CMakeFiles/lcd_pwm_demo.dir/lib/fatfs/fatfs_storage.c.obj
                0x10000898                Storage_CheckBitmapFile
 .text.Storage_GetDirectoryBitmapFiles
                0x100008bc      0x154 CMakeFiles/lcd_pwm_demo.dir/lib/fatfs/fatfs_storage.c.obj
                0x100008bc                Storage_GetDirectoryBitmapFiles
 .text.get_fileinfo
                0x10000a10      0x10c CMakeFiles/lcd_pwm_demo.dir/lib/fatfs/ff.c.obj
 .text.check_fs
                0x10000b1c       0x80 CMakeFiles/lcd_pwm_demo.dir/lib/fatfs/ff.c.obj
 .text.move_window
                0x10000b9c       0x80 CMakeFiles/lcd_pwm_demo.dir/lib/fatfs/ff.c.obj
 .text.find_volume
                0x10000c1c      0x3ac CMakeFiles/lcd_pwm_demo.dir/lib/fatfs/ff.c.obj
 .text.get_fat.part.0
                0x10000fc8       0xd8 CMakeFiles/lcd_pwm_demo.dir/lib/fatfs/ff.c.obj
 .text.f_read.part.0
                0x100010a0      0x250 CMakeFiles/lcd_pwm_demo.dir/lib/fatfs/ff.c.obj
 .text.put_fat.part.0
                0x100012f0      0x12c CMakeFiles/lcd_pwm_demo.dir/lib/fatfs/ff.c.obj
 .text.sync_fs  0x1000141c       0xc4 CMakeFiles/lcd_pwm_demo.dir/lib/fatfs/ff.c.obj
 .text.create_chain
                0x100014e0      0x1c4 CMakeFiles/lcd_pwm_demo.dir/lib/fatfs/ff.c.obj
 .text.dir_sdi  0x100016a4      0x1a4 CMakeFiles/lcd_pwm_demo.dir/lib/fatfs/ff.c.obj
 .text.follow_path
                0x10001848      0x37c CMakeFiles/lcd_pwm_demo.dir/lib/fatfs/ff.c.obj
 .text.remove_chain.part.0
                0x10001bc4      0x154 CMakeFiles/lcd_pwm_demo.dir/lib/fatfs/ff.c.obj
 .text.dir_register
                0x10001d18      0x308 CMakeFiles/lcd_pwm_demo.dir/lib/fatfs/ff.c.obj
 .text.f_mount  0x10002020       0x5c CMakeFiles/lcd_pwm_demo.dir/lib/fatfs/ff.c.obj
                0x10002020                f_mount
 .text.f_open   0x1000207c      0x194 CMakeFiles/lcd_pwm_demo.dir/lib/fatfs/ff.c.obj
                0x1000207c                f_open
 .text.f_read   0x10002210       0x5c CMakeFiles/lcd_pwm_demo.dir/lib/fatfs/ff.c.obj
                0x10002210                f_read
 .text.f_close  0x1000226c       0xd8 CMakeFiles/lcd_pwm_demo.dir/lib/fatfs/ff.c.obj
                0x1000226c                f_close
 .text.f_opendir
                0x10002344       0x88 CMakeFiles/lcd_pwm_demo.dir/lib/fatfs/ff.c.obj
                0x10002344                f_opendir
 .text.f_readdir
                0x100023cc      0x280 CMakeFiles/lcd_pwm_demo.dir/lib/fatfs/ff.c.obj
                0x100023cc                f_readdir
 .text.SD_Init  0x1000264c       0x6c CMakeFiles/lcd_pwm_demo.dir/lib/lcd/LCD_Bmp.c.obj
                0x1000264c                SD_Init
 .text.LCD_Show_bmp
                0x100026b8       0xfc CMakeFiles/lcd_pwm_demo.dir/lib/lcd/LCD_Bmp.c.obj
                0x100026b8                LCD_Show_bmp
 .text.LCD_WriteData
                0x100027b4       0x44 CMakeFiles/lcd_pwm_demo.dir/lib/lcd/LCD_Driver.c.obj
                0x100027b4                LCD_WriteData
 .text.LCD_SetGramScanWay
                0x100027f8       0xa4 CMakeFiles/lcd_pwm_demo.dir/lib/lcd/LCD_Driver.c.obj
                0x100027f8                LCD_SetGramScanWay
 .text.LCD_Init
                0x1000289c     0x17b8 CMakeFiles/lcd_pwm_demo.dir/lib/lcd/LCD_Driver.c.obj
                0x1000289c                LCD_Init
 .text.LCD_SetWindow
                0x10004054      0x260 CMakeFiles/lcd_pwm_demo.dir/lib/lcd/LCD_Driver.c.obj
                0x10004054                LCD_SetWindow
 .text.LCD_SetCursor
                0x100042b4      0x244 CMakeFiles/lcd_pwm_demo.dir/lib/lcd/LCD_Driver.c.obj
                0x100042b4                LCD_SetCursor
 .text.LCD_SetPointlColor
                0x100044f8       0x48 CMakeFiles/lcd_pwm_demo.dir/lib/lcd/LCD_Driver.c.obj
                0x100044f8                LCD_SetPointlColor
 .text.LCD_SetArealColor
                0x10004540       0x64 CMakeFiles/lcd_pwm_demo.dir/lib/lcd/LCD_Driver.c.obj
                0x10004540                LCD_SetArealColor
 .text.LCD_Clear
                0x100045a4       0x58 CMakeFiles/lcd_pwm_demo.dir/lib/lcd/LCD_Driver.c.obj
                0x100045a4                LCD_Clear
 .text.GUI_DisChar.part.0.constprop.0
                0x100045fc       0xdc CMakeFiles/lcd_pwm_demo.dir/lib/lcd/LCD_GUI.c.obj
 .text.GUI_DisChar.part.0
                0x100046d8      0x120 CMakeFiles/lcd_pwm_demo.dir/lib/lcd/LCD_GUI.c.obj
 .text.GUI_DrawLine.part.0
                0x100047f8      0x1b4 CMakeFiles/lcd_pwm_demo.dir/lib/lcd/LCD_GUI.c.obj
 .text.GUI_DrawRectangle.part.0
                0x100049ac       0xd8 CMakeFiles/lcd_pwm_demo.dir/lib/lcd/LCD_GUI.c.obj
 .text.GUI_DrawLine
                0x10004a84       0x3c CMakeFiles/lcd_pwm_demo.dir/lib/lcd/LCD_GUI.c.obj
                0x10004a84                GUI_DrawLine
 .text.GUI_DrawRectangle
                0x10004ac0       0x48 CMakeFiles/lcd_pwm_demo.dir/lib/lcd/LCD_GUI.c.obj
                0x10004ac0                GUI_DrawRectangle
 .text.GUI_DisString_EN
                0x10004b08       0xa4 CMakeFiles/lcd_pwm_demo.dir/lib/lcd/LCD_GUI.c.obj
                0x10004b08                GUI_DisString_EN
 .text.GUI_GetFontSize
                0x10004bac       0x94 CMakeFiles/lcd_pwm_demo.dir/lib/lcd/LCD_GUI.c.obj
                0x10004bac                GUI_GetFontSize
 .text.GUI_Showtime
                0x10004c40      0x3c0 CMakeFiles/lcd_pwm_demo.dir/lib/lcd/LCD_GUI.c.obj
                0x10004c40                GUI_Showtime
 .text.TP_Read_ADC_Average
                0x10005000      0x108 CMakeFiles/lcd_pwm_demo.dir/lib/lcd/LCD_Touch.c.obj
 .text.TP_Read_TwiceADC.constprop.0
                0x10005108       0x84 CMakeFiles/lcd_pwm_demo.dir/lib/lcd/LCD_Touch.c.obj
 .text.TP_GetAdFac
                0x1000518c       0xec CMakeFiles/lcd_pwm_demo.dir/lib/lcd/LCD_Touch.c.obj
                0x1000518c                TP_GetAdFac
 .text.TP_gesmain
                0x10005278      0x1cc CMakeFiles/lcd_pwm_demo.dir/lib/lcd/LCD_Touch.c.obj
                0x10005278                TP_gesmain
 .text.TP_gesvallist
                0x10005444      0x21c CMakeFiles/lcd_pwm_demo.dir/lib/lcd/LCD_Touch.c.obj
                0x10005444                TP_gesvallist
 .text.TP_gessensor
                0x10005660      0x140 CMakeFiles/lcd_pwm_demo.dir/lib/lcd/LCD_Touch.c.obj
                0x10005660                TP_gessensor
 .text.TP_gessensor_pwm
                0x100057a0      0x120 CMakeFiles/lcd_pwm_demo.dir/lib/lcd/LCD_Touch.c.obj
                0x100057a0                TP_gessensor_pwm
 .text.TP_gessetting
                0x100058c0      0x1e8 CMakeFiles/lcd_pwm_demo.dir/lib/lcd/LCD_Touch.c.obj
                0x100058c0                TP_gessetting
 .text.TP_gesmpresultstart
                0x10005aa8      0x150 CMakeFiles/lcd_pwm_demo.dir/lib/lcd/LCD_Touch.c.obj
                0x10005aa8                TP_gesmpresultstart
 .text.TP_DrawBoard
                0x10005bf8      0x398 CMakeFiles/lcd_pwm_demo.dir/lib/lcd/LCD_Touch.c.obj
                0x10005bf8                TP_DrawBoard
 .text.TP_Init  0x10005f90       0x28 CMakeFiles/lcd_pwm_demo.dir/lib/lcd/LCD_Touch.c.obj
                0x10005f90                TP_Init
 .text.SD_SendCmd.constprop.0
                0x10005fb8       0x90 CMakeFiles/lcd_pwm_demo.dir/lib/sdcard/MMC_SD.c.obj
 .text.SD_SPI_ReadWriteByte
                0x10006048        0x8 CMakeFiles/lcd_pwm_demo.dir/lib/sdcard/MMC_SD.c.obj
                0x10006048                SD_SPI_ReadWriteByte
 .text.SD_SPI_SpeedLow
                0x10006050        0x4 CMakeFiles/lcd_pwm_demo.dir/lib/sdcard/MMC_SD.c.obj
                0x10006050                SD_SPI_SpeedLow
 .text.SD_SPI_SpeedHigh
                0x10006054        0x4 CMakeFiles/lcd_pwm_demo.dir/lib/sdcard/MMC_SD.c.obj
                0x10006054                SD_SPI_SpeedHigh
 .text.SD_WaitReady
                0x10006058       0x24 CMakeFiles/lcd_pwm_demo.dir/lib/sdcard/MMC_SD.c.obj
                0x10006058                SD_WaitReady
 .text.SD_SendCmd
                0x1000607c       0x98 CMakeFiles/lcd_pwm_demo.dir/lib/sdcard/MMC_SD.c.obj
                0x1000607c                SD_SendCmd
 .text.SD_GetCSD
                0x10006114       0x70 CMakeFiles/lcd_pwm_demo.dir/lib/sdcard/MMC_SD.c.obj
                0x10006114                SD_GetCSD
 .text.SD_GetSectorCount
                0x10006184       0x70 CMakeFiles/lcd_pwm_demo.dir/lib/sdcard/MMC_SD.c.obj
                0x10006184                SD_GetSectorCount
 .text.SD_Initialize
                0x100061f4      0x1bc CMakeFiles/lcd_pwm_demo.dir/lib/sdcard/MMC_SD.c.obj
                0x100061f4                SD_Initialize
 .text.SD_ReadDisk
                0x100063b0       0xe0 CMakeFiles/lcd_pwm_demo.dir/lib/sdcard/MMC_SD.c.obj
                0x100063b0                SD_ReadDisk
 .text.SD_WriteDisk
                0x10006490      0x154 CMakeFiles/lcd_pwm_demo.dir/lib/sdcard/MMC_SD.c.obj
                0x10006490                SD_WriteDisk
 .text.bspInit  0x100065e4        0xc CMakeFiles/lcd_pwm_demo.dir/bsp/bsp.c.obj
                0x100065e4                bspInit
 .text.startup.SystemInit
                0x100065f0       0x14 CMakeFiles/lcd_pwm_demo.dir/D_/pico/pico-sdk/src/rp2_common/cmsis/stub/CMSIS/Device/RaspberryPi/RP2040/Source/system_RP2040.c.obj
                0x100065f0                SystemInit
 .text.clocks_init
                0x10006604      0x2bc CMakeFiles/lcd_pwm_demo.dir/D_/pico/pico-sdk/src/rp2_common/hardware_clocks/clocks.c.obj
                0x10006604                clocks_init
 .text.clock_get_hz
                0x100068c0        0xc CMakeFiles/lcd_pwm_demo.dir/D_/pico/pico-sdk/src/rp2_common/hardware_clocks/clocks.c.obj
                0x100068c0                clock_get_hz
 .text.hw_claim_or_assert
                0x100068cc       0x44 CMakeFiles/lcd_pwm_demo.dir/D_/pico/pico-sdk/src/rp2_common/hardware_claim/claim.c.obj
                0x100068cc                hw_claim_or_assert
 .text.hw_claim_unused_from_range
                0x10006910       0x9c CMakeFiles/lcd_pwm_demo.dir/D_/pico/pico-sdk/src/rp2_common/hardware_claim/claim.c.obj
                0x10006910                hw_claim_unused_from_range
 .text.running_on_fpga
                0x100069ac       0x10 CMakeFiles/lcd_pwm_demo.dir/D_/pico/pico-sdk/src/rp2_common/pico_platform/platform.c.obj
                0x100069ac                running_on_fpga
 .text.spin_locks_reset
                0x100069bc       0x1c CMakeFiles/lcd_pwm_demo.dir/D_/pico/pico-sdk/src/rp2_common/hardware_sync/sync.c.obj
                0x100069bc                spin_locks_reset
 .text.next_striped_spin_lock_num
                0x100069d8       0x18 CMakeFiles/lcd_pwm_demo.dir/D_/pico/pico-sdk/src/rp2_common/hardware_sync/sync.c.obj
                0x100069d8                next_striped_spin_lock_num
 .text.spin_lock_claim_unused
                0x100069f0       0x20 CMakeFiles/lcd_pwm_demo.dir/D_/pico/pico-sdk/src/rp2_common/hardware_sync/sync.c.obj
                0x100069f0                spin_lock_claim_unused
 .text.gpio_set_function
                0x10006a10       0x30 CMakeFiles/lcd_pwm_demo.dir/D_/pico/pico-sdk/src/rp2_common/hardware_gpio/gpio.c.obj
                0x10006a10                gpio_set_function
 .text.gpio_set_pulls
                0x10006a40       0x30 CMakeFiles/lcd_pwm_demo.dir/D_/pico/pico-sdk/src/rp2_common/hardware_gpio/gpio.c.obj
                0x10006a40                gpio_set_pulls
 .text.gpio_init
                0x10006a70       0x3c CMakeFiles/lcd_pwm_demo.dir/D_/pico/pico-sdk/src/rp2_common/hardware_gpio/gpio.c.obj
                0x10006a70                gpio_init
 .text.irq_set_enabled
                0x10006aac       0x24 CMakeFiles/lcd_pwm_demo.dir/D_/pico/pico-sdk/src/rp2_common/hardware_irq/irq.c.obj
                0x10006aac                irq_set_enabled
 .text.irq_set_pending
                0x10006ad0       0x10 CMakeFiles/lcd_pwm_demo.dir/D_/pico/pico-sdk/src/rp2_common/hardware_irq/irq.c.obj
                0x10006ad0                irq_set_pending
 .text.irq_has_shared_handler
                0x10006ae0       0x2c CMakeFiles/lcd_pwm_demo.dir/D_/pico/pico-sdk/src/rp2_common/hardware_irq/irq.c.obj
                0x10006ae0                irq_has_shared_handler
 .text.irq_get_vtable_handler
                0x10006b0c       0x10 CMakeFiles/lcd_pwm_demo.dir/D_/pico/pico-sdk/src/rp2_common/hardware_irq/irq.c.obj
                0x10006b0c                irq_get_vtable_handler
 .text.irq_set_exclusive_handler
                0x10006b1c       0x54 CMakeFiles/lcd_pwm_demo.dir/D_/pico/pico-sdk/src/rp2_common/hardware_irq/irq.c.obj
                0x10006b1c                irq_set_exclusive_handler
 .text.irq_add_shared_handler
                0x10006b70      0x1e4 CMakeFiles/lcd_pwm_demo.dir/D_/pico/pico-sdk/src/rp2_common/hardware_irq/irq.c.obj
                0x10006b70                irq_add_shared_handler
 .text.irq_remove_handler
                0x10006d54      0x1b4 CMakeFiles/lcd_pwm_demo.dir/D_/pico/pico-sdk/src/rp2_common/hardware_irq/irq.c.obj
                0x10006d54                irq_remove_handler
 .text.irq_add_tail_to_free_list
                0x10006f08       0xb4 CMakeFiles/lcd_pwm_demo.dir/D_/pico/pico-sdk/src/rp2_common/hardware_irq/irq.c.obj
                0x10006f08                irq_add_tail_to_free_list
 .text.irq_init_priorities
                0x10006fbc       0x24 CMakeFiles/lcd_pwm_demo.dir/D_/pico/pico-sdk/src/rp2_common/hardware_irq/irq.c.obj
                0x10006fbc                irq_init_priorities
 .text.user_irq_claim_unused
                0x10006fe0       0x30 CMakeFiles/lcd_pwm_demo.dir/D_/pico/pico-sdk/src/rp2_common/hardware_irq/irq.c.obj
                0x10006fe0                user_irq_claim_unused
 .text.lock_init
                0x10007010       0x10 CMakeFiles/lcd_pwm_demo.dir/D_/pico/pico-sdk/src/common/pico_sync/lock_core.c.obj
                0x10007010                lock_init
 .text.timer_pool_entry_comparator
                0x10007020       0x34 CMakeFiles/lcd_pwm_demo.dir/D_/pico/pico-sdk/src/common/pico_time/time.c.obj
                0x10007020                timer_pool_entry_comparator
 .text.sleep_until_callback
                0x10007054       0x30 CMakeFiles/lcd_pwm_demo.dir/D_/pico/pico-sdk/src/common/pico_time/time.c.obj
 .text.add_alarm_under_lock.isra.0
                0x10007084      0x100 CMakeFiles/lcd_pwm_demo.dir/D_/pico/pico-sdk/src/common/pico_time/time.c.obj
 .text.alarm_pool_alarm_callback
                0x10007184      0x1c8 CMakeFiles/lcd_pwm_demo.dir/D_/pico/pico-sdk/src/common/pico_time/time.c.obj
 .text.alarm_pool_add_alarm_at.constprop.0
                0x1000734c      0x11c CMakeFiles/lcd_pwm_demo.dir/D_/pico/pico-sdk/src/common/pico_time/time.c.obj
 .text.alarm_pool_init_default
                0x10007468       0x64 CMakeFiles/lcd_pwm_demo.dir/D_/pico/pico-sdk/src/common/pico_time/time.c.obj
                0x10007468                alarm_pool_init_default
 .text.alarm_pool_get_default
                0x100074cc        0x8 CMakeFiles/lcd_pwm_demo.dir/D_/pico/pico-sdk/src/common/pico_time/time.c.obj
                0x100074cc                alarm_pool_get_default
 .text.alarm_pool_add_alarm_at
                0x100074d4      0x194 CMakeFiles/lcd_pwm_demo.dir/D_/pico/pico-sdk/src/common/pico_time/time.c.obj
                0x100074d4                alarm_pool_add_alarm_at
 .text.sleep_until
                0x10007668       0xac CMakeFiles/lcd_pwm_demo.dir/D_/pico/pico-sdk/src/common/pico_time/time.c.obj
                0x10007668                sleep_until
 .text.sleep_ms
                0x10007714       0x38 CMakeFiles/lcd_pwm_demo.dir/D_/pico/pico-sdk/src/common/pico_time/time.c.obj
                0x10007714                sleep_ms
 .text.best_effort_wfe_or_timeout
                0x1000774c       0xd4 CMakeFiles/lcd_pwm_demo.dir/D_/pico/pico-sdk/src/common/pico_time/time.c.obj
                0x1000774c                best_effort_wfe_or_timeout
 .text.hardware_alarm_irq_handler
                0x10007820       0xb8 CMakeFiles/lcd_pwm_demo.dir/D_/pico/pico-sdk/src/rp2_common/hardware_timer/timer.c.obj
 .text.hardware_alarm_claim
                0x100078d8       0x18 CMakeFiles/lcd_pwm_demo.dir/D_/pico/pico-sdk/src/rp2_common/hardware_timer/timer.c.obj
                0x100078d8                hardware_alarm_claim
 .text.time_us_64
                0x100078f0       0x14 CMakeFiles/lcd_pwm_demo.dir/D_/pico/pico-sdk/src/rp2_common/hardware_timer/timer.c.obj
                0x100078f0                time_us_64
 .text.busy_wait_until
                0x10007904       0x20 CMakeFiles/lcd_pwm_demo.dir/D_/pico/pico-sdk/src/rp2_common/hardware_timer/timer.c.obj
                0x10007904                busy_wait_until
 .text.hardware_alarm_set_callback
                0x10007924       0x8c CMakeFiles/lcd_pwm_demo.dir/D_/pico/pico-sdk/src/rp2_common/hardware_timer/timer.c.obj
                0x10007924                hardware_alarm_set_callback
 .text.hardware_alarm_set_target
                0x100079b0       0xe0 CMakeFiles/lcd_pwm_demo.dir/D_/pico/pico-sdk/src/rp2_common/hardware_timer/timer.c.obj
                0x100079b0                hardware_alarm_set_target
 .text.hardware_alarm_cancel
                0x10007a90       0x3c CMakeFiles/lcd_pwm_demo.dir/D_/pico/pico-sdk/src/rp2_common/hardware_timer/timer.c.obj
                0x10007a90                hardware_alarm_cancel
 .text.ph_merge_nodes
                0x10007acc       0x68 CMakeFiles/lcd_pwm_demo.dir/D_/pico/pico-sdk/src/common/pico_util/pheap.c.obj
 .text.ph_post_alloc_init
                0x10007b34       0x3c CMakeFiles/lcd_pwm_demo.dir/D_/pico/pico-sdk/src/common/pico_util/pheap.c.obj
                0x10007b34                ph_post_alloc_init
 .text.ph_merge_two_pass
                0x10007b70       0x90 CMakeFiles/lcd_pwm_demo.dir/D_/pico/pico-sdk/src/common/pico_util/pheap.c.obj
                0x10007b70                ph_merge_two_pass
 .text.ph_remove_any_head
                0x10007c00       0xf8 CMakeFiles/lcd_pwm_demo.dir/D_/pico/pico-sdk/src/common/pico_util/pheap.c.obj
 .text.ph_remove_head
                0x10007cf8       0xfc CMakeFiles/lcd_pwm_demo.dir/D_/pico/pico-sdk/src/common/pico_util/pheap.c.obj
                0x10007cf8                ph_remove_head
 .text.ph_remove_and_free_node
                0x10007df4       0x7c CMakeFiles/lcd_pwm_demo.dir/D_/pico/pico-sdk/src/common/pico_util/pheap.c.obj
                0x10007df4                ph_remove_and_free_node
 .text.mutex_init
                0x10007e70       0x1c CMakeFiles/lcd_pwm_demo.dir/D_/pico/pico-sdk/src/common/pico_sync/mutex.c.obj
                0x10007e70                mutex_init
 .text.recursive_mutex_init
                0x10007e8c       0x1c CMakeFiles/lcd_pwm_demo.dir/D_/pico/pico-sdk/src/common/pico_sync/mutex.c.obj
                0x10007e8c                recursive_mutex_init
 .text.critical_section_init
                0x10007ea8       0x20 CMakeFiles/lcd_pwm_demo.dir/D_/pico/pico-sdk/src/common/pico_sync/critical_section.c.obj
                0x10007ea8                critical_section_init
 .text.pll_init
                0x10007ec8       0xb0 CMakeFiles/lcd_pwm_demo.dir/D_/pico/pico-sdk/src/rp2_common/hardware_pll/pll.c.obj
                0x10007ec8                pll_init
 .text.watchdog_start_tick
                0x10007f78       0x10 CMakeFiles/lcd_pwm_demo.dir/D_/pico/pico-sdk/src/rp2_common/hardware_watchdog/watchdog.c.obj
                0x10007f78                watchdog_start_tick
 .text.watchdog_reboot
                0x10007f88       0x98 CMakeFiles/lcd_pwm_demo.dir/D_/pico/pico-sdk/src/rp2_common/hardware_watchdog/watchdog.c.obj
                0x10007f88                watchdog_reboot
 .text.xosc_init
                0x10008020       0x28 CMakeFiles/lcd_pwm_demo.dir/D_/pico/pico-sdk/src/rp2_common/hardware_xosc/xosc.c.obj
                0x10008020                xosc_init
 .text.runtime_init
                0x10008048       0xf0 CMakeFiles/lcd_pwm_demo.dir/D_/pico/pico-sdk/src/rp2_common/pico_runtime/runtime.c.obj
                0x10008048                runtime_init
 .text.exit     0x10008138        0x4 CMakeFiles/lcd_pwm_demo.dir/D_/pico/pico-sdk/src/rp2_common/pico_runtime/runtime.c.obj
                0x10008138                exit
 .text.panic    0x1000813c       0x30 CMakeFiles/lcd_pwm_demo.dir/D_/pico/pico-sdk/src/rp2_common/pico_runtime/runtime.c.obj
                0x1000813c                panic
 .text.hard_assertion_failure
                0x1000816c        0xc CMakeFiles/lcd_pwm_demo.dir/D_/pico/pico-sdk/src/rp2_common/pico_runtime/runtime.c.obj
                0x1000816c                hard_assertion_failure
 .text._out_buffer
                0x10008178        0x8 CMakeFiles/lcd_pwm_demo.dir/D_/pico/pico-sdk/src/rp2_common/pico_printf/printf.c.obj
 .text._out_null
                0x10008180        0x4 CMakeFiles/lcd_pwm_demo.dir/D_/pico/pico-sdk/src/rp2_common/pico_printf/printf.c.obj
 .text._out_rev
                0x10008184       0x9c CMakeFiles/lcd_pwm_demo.dir/D_/pico/pico-sdk/src/rp2_common/pico_printf/printf.c.obj
 .text._ntoa_format
                0x10008220      0x1cc CMakeFiles/lcd_pwm_demo.dir/D_/pico/pico-sdk/src/rp2_common/pico_printf/printf.c.obj
 .text._out_char
                0x100083ec       0x10 CMakeFiles/lcd_pwm_demo.dir/D_/pico/pico-sdk/src/rp2_common/pico_printf/printf.c.obj
 .text._out_fct
                0x100083fc       0x10 CMakeFiles/lcd_pwm_demo.dir/D_/pico/pico-sdk/src/rp2_common/pico_printf/printf.c.obj
 .text._etoa    0x1000840c      0x44c CMakeFiles/lcd_pwm_demo.dir/D_/pico/pico-sdk/src/rp2_common/pico_printf/printf.c.obj
 .text._ftoa    0x10008858      0x398 CMakeFiles/lcd_pwm_demo.dir/D_/pico/pico-sdk/src/rp2_common/pico_printf/printf.c.obj
 .text._vsnprintf
                0x10008bf0      0xb04 CMakeFiles/lcd_pwm_demo.dir/D_/pico/pico-sdk/src/rp2_common/pico_printf/printf.c.obj
 .text.__wrap_sprintf
                0x100096f4       0x28 CMakeFiles/lcd_pwm_demo.dir/D_/pico/pico-sdk/src/rp2_common/pico_printf/printf.c.obj
                0x100096f4                __wrap_sprintf
 .text.vfctprintf
                0x1000971c       0x20 CMakeFiles/lcd_pwm_demo.dir/D_/pico/pico-sdk/src/rp2_common/pico_printf/printf.c.obj
                0x1000971c                vfctprintf
 .text.weak_raw_vprintf
                0x1000973c       0x30 CMakeFiles/lcd_pwm_demo.dir/D_/pico/pico-sdk/src/rp2_common/pico_printf/printf.c.obj
                0x1000973c                weak_raw_vprintf
 .text          0x1000976c       0x10 CMakeFiles/lcd_pwm_demo.dir/D_/pico/pico-sdk/src/rp2_common/pico_bit_ops/bit_ops_aeabi.S.obj
 .text.rom_func_lookup
                0x1000977c       0x10 CMakeFiles/lcd_pwm_demo.dir/D_/pico/pico-sdk/src/rp2_common/pico_bootrom/bootrom.c.obj
                0x1000977c                rom_func_lookup
 .text.rom_data_lookup
                0x1000978c       0x10 CMakeFiles/lcd_pwm_demo.dir/D_/pico/pico-sdk/src/rp2_common/pico_bootrom/bootrom.c.obj
                0x1000978c                rom_data_lookup
 .text.rom_funcs_lookup
                0x1000979c       0x44 CMakeFiles/lcd_pwm_demo.dir/D_/pico/pico-sdk/src/rp2_common/pico_bootrom/bootrom.c.obj
                0x1000979c                rom_funcs_lookup
 .text.__wrap___aeabi_idiv
                0x100097e0       0x50 CMakeFiles/lcd_pwm_demo.dir/D_/pico/pico-sdk/src/rp2_common/pico_divider/divider.S.obj
                0x100097e0                __wrap___aeabi_idivmod
                0x100097e0                divmod_s32s32
                0x100097e0                div_s32s32
                0x100097e0                __wrap___aeabi_idiv
                0x100097e8                divmod_s32s32_unsafe
                0x10009814                divmod_s32s32_savestate
 .text.__wrap___aeabi_uidiv
                0x10009830       0x4c CMakeFiles/lcd_pwm_demo.dir/D_/pico/pico-sdk/src/rp2_common/pico_divider/divider.S.obj
                0x10009830                __wrap___aeabi_uidiv
                0x10009830                __wrap___aeabi_uidivmod
                0x10009830                div_u32u32
                0x10009830                divmod_u32u32
                0x10009838                divmod_u32u32_unsafe
                0x10009860                divmod_u32u32_savestate
 .text.__wrap___aeabi_ldiv
                0x1000987c      0x434 CMakeFiles/lcd_pwm_demo.dir/D_/pico/pico-sdk/src/rp2_common/pico_divider/divider.S.obj
                0x1000987c                div_s64s64
                0x1000987c                divmod_s64s64
                0x1000987c                __wrap___aeabi_ldivmod
                0x100098b4                divmod_u64u64
                0x100098b4                div_u64u64
                0x100098b4                __wrap___aeabi_uldivmod
                0x100098c4                divmod_u64u64_savestate
                0x100098ec                divmod_s64s64_unsafe
                0x10009974                divmod_u64u64_unsafe
 .text.__wrap___aeabi_darithmetic
                0x10009cb0       0x80 CMakeFiles/lcd_pwm_demo.dir/D_/pico/pico-sdk/src/rp2_common/pico_double/double_aeabi.S.obj
                0x10009cb0                __wrap___aeabi_drsub
                0x10009cb6                __wrap___aeabi_dsub
                0x10009cc8                __wrap___aeabi_dadd
                0x10009cda                __wrap___aeabi_ddiv
                0x10009d16                __wrap___aeabi_dmul
 .text.__wrap___aeabi_cdcmple
                0x10009d30       0x6c CMakeFiles/lcd_pwm_demo.dir/D_/pico/pico-sdk/src/rp2_common/pico_double/double_aeabi.S.obj
                0x10009d30                __wrap___aeabi_cdrcmple
                0x10009d40                __wrap___aeabi_cdcmpeq
                0x10009d40                __wrap___aeabi_cdcmple
 .text.__wrap___aeabi_dcmplt
                0x10009d9c        0xc CMakeFiles/lcd_pwm_demo.dir/D_/pico/pico-sdk/src/rp2_common/pico_double/double_aeabi.S.obj
                0x10009d9c                __wrap___aeabi_dcmplt
 .text.__wrap___aeabi_dcmple
                0x10009da8       0x10 CMakeFiles/lcd_pwm_demo.dir/D_/pico/pico-sdk/src/rp2_common/pico_double/double_aeabi.S.obj
                0x10009da8                __wrap___aeabi_dcmple
 .text.__wrap___aeabi_dcmpge
                0x10009db8       0x10 CMakeFiles/lcd_pwm_demo.dir/D_/pico/pico-sdk/src/rp2_common/pico_double/double_aeabi.S.obj
                0x10009db8                __wrap___aeabi_dcmpge
 .text.__wrap___aeabi_dcmpgt
                0x10009dc8        0xa CMakeFiles/lcd_pwm_demo.dir/D_/pico/pico-sdk/src/rp2_common/pico_double/double_aeabi.S.obj
                0x10009dc8                __wrap___aeabi_dcmpgt
 .text.__wrap___aeabi_dcmpun
                0x10009dd2       0x1c CMakeFiles/lcd_pwm_demo.dir/D_/pico/pico-sdk/src/rp2_common/pico_double/double_aeabi.S.obj
                0x10009dd2                __wrap___aeabi_dcmpun
 *fill*         0x10009dee        0x2 
 .text.__wrap___aeabi_i2d
                0x10009df0       0x38 CMakeFiles/lcd_pwm_demo.dir/D_/pico/pico-sdk/src/rp2_common/pico_double/double_aeabi.S.obj
                0x10009df0                __wrap___aeabi_ui2d
                0x10009df8                __wrap___aeabi_i2d
 .text.__wrap___aeabi_d2iz
                0x10009e28       0x48 CMakeFiles/lcd_pwm_demo.dir/D_/pico/pico-sdk/src/rp2_common/pico_double/double_aeabi.S.obj
                0x10009e28                double2int_z
                0x10009e28                __wrap___aeabi_d2iz
 .text.__wrap___aeabi_d2uiz
                0x10009e70       0x18 CMakeFiles/lcd_pwm_demo.dir/D_/pico/pico-sdk/src/rp2_common/pico_double/double_aeabi.S.obj
                0x10009e70                __wrap___aeabi_d2uiz
                0x10009e70                double2uint
 .text.__aeabi_double_init
                0x10009e88       0x94 CMakeFiles/lcd_pwm_demo.dir/D_/pico/pico-sdk/src/rp2_common/pico_double/double_init_rom.c.obj
                0x10009e88                __aeabi_double_init
 .text.double_table_shim_on_use_helper
                0x10009f1c       0x2c CMakeFiles/lcd_pwm_demo.dir/D_/pico/pico-sdk/src/rp2_common/pico_double/double_v1_rom_shim.S.obj
                0x10009f1c                double_table_shim_on_use_helper
 .text.__wrap___aeabi_dsub
                0x10009f48       0x10 CMakeFiles/lcd_pwm_demo.dir/D_/pico/pico-sdk/src/rp2_common/pico_double/double_v1_rom_shim.S.obj
                0x10009f48                drsub_shim
                0x10009f4e                dsub_shim
 .text.dadd_shim
                0x10009f58      0x15c CMakeFiles/lcd_pwm_demo.dir/D_/pico/pico-sdk/src/rp2_common/pico_double/double_v1_rom_shim.S.obj
                0x10009f58                dadd_shim
 .text.dmul_shim
                0x1000a0b4      0x15c CMakeFiles/lcd_pwm_demo.dir/D_/pico/pico-sdk/src/rp2_common/pico_double/double_v1_rom_shim.S.obj
                0x1000a0b4                dmul_shim
 .text.ddiv_shim
                0x1000a210      0x1b0 CMakeFiles/lcd_pwm_demo.dir/D_/pico/pico-sdk/src/rp2_common/pico_double/double_v1_rom_shim.S.obj
                0x1000a210                ddiv_shim
 .text.double2uint_shim
                0x1000a3c0        0xe CMakeFiles/lcd_pwm_demo.dir/D_/pico/pico-sdk/src/rp2_common/pico_double/double_v1_rom_shim.S.obj
                0x1000a3c0                double2uint_shim
                0x1000a3c2                double2ufix_shim
 *fill*         0x1000a3ce        0x2 
 .text.double2uint64_shim
                0x1000a3d0       0x70 CMakeFiles/lcd_pwm_demo.dir/D_/pico/pico-sdk/src/rp2_common/pico_double/double_v1_rom_shim.S.obj
                0x1000a3d0                double2uint64_shim
                0x1000a3d2                double2ufix64_shim
                0x1000a3f2                d2fix_a
 .text.dunpacks
                0x1000a440       0x3c CMakeFiles/lcd_pwm_demo.dir/D_/pico/pico-sdk/src/rp2_common/pico_double/double_v1_rom_shim.S.obj
                0x1000a440                dunpacks
 .text.__aeabi_lmul
                0x1000a47c       0x32 CMakeFiles/lcd_pwm_demo.dir/D_/pico/pico-sdk/src/rp2_common/pico_int64_ops/pico_int64_ops_aeabi.S.obj
                0x1000a47c                __wrap___aeabi_lmul
 *fill*         0x1000a4ae        0x2 
 .text.__wrap___aeabi_farithmetic
                0x1000a4b0       0x48 CMakeFiles/lcd_pwm_demo.dir/D_/pico/pico-sdk/src/rp2_common/pico_float/float_aeabi.S.obj
                0x1000a4b0                __wrap___aeabi_frsub
                0x1000a4b6                __wrap___aeabi_fsub
                0x1000a4bc                __wrap___aeabi_fadd
                0x1000a4c2                __wrap___aeabi_fdiv
                0x1000a4ea                __wrap___aeabi_fmul
 .text.__wrap___aeabi_ui2f
                0x1000a4f8        0xa CMakeFiles/lcd_pwm_demo.dir/D_/pico/pico-sdk/src/rp2_common/pico_float/float_aeabi.S.obj
                0x1000a4f8                __wrap___aeabi_ui2f
 *fill*         0x1000a502        0x2 
 .text.__wrap___aeabi_i2f
                0x1000a504       0x44 CMakeFiles/lcd_pwm_demo.dir/D_/pico/pico-sdk/src/rp2_common/pico_float/float_aeabi.S.obj
                0x1000a504                __wrap___aeabi_i2f
 .text.__wrap___aeabi_f2uiz
                0x1000a548        0xc CMakeFiles/lcd_pwm_demo.dir/D_/pico/pico-sdk/src/rp2_common/pico_float/float_aeabi.S.obj
                0x1000a548                __wrap___aeabi_f2uiz
 .text.__aeabi_float_init
                0x1000a554       0x64 CMakeFiles/lcd_pwm_demo.dir/D_/pico/pico-sdk/src/rp2_common/pico_float/float_init_rom.c.obj
                0x1000a554                __aeabi_float_init
 .text.float_table_shim_on_use_helper
                0x1000a5b8       0x2c CMakeFiles/lcd_pwm_demo.dir/D_/pico/pico-sdk/src/rp2_common/pico_float/float_v1_rom_shim.S.obj
                0x1000a5b8                float_table_shim_on_use_helper
 .text          0x1000a5e4       0x10 CMakeFiles/lcd_pwm_demo.dir/D_/pico/pico-sdk/src/rp2_common/pico_mem_ops/mem_ops_aeabi.S.obj
                0x1000a5e4                __aeabi_mem_init
 .text.memset   0x1000a5f4        0xc CMakeFiles/lcd_pwm_demo.dir/D_/pico/pico-sdk/src/rp2_common/pico_mem_ops/mem_ops_aeabi.S.obj
                0x1000a5f4                __wrap_memset
 .text.memcpy   0x1000a600        0xc CMakeFiles/lcd_pwm_demo.dir/D_/pico/pico-sdk/src/rp2_common/pico_mem_ops/mem_ops_aeabi.S.obj
                0x1000a600                __wrap_memcpy
                0x1000a600                __wrap___aeabi_memcpy
 .text.stdio_out_chars_no_crlf
                0x1000a60c       0x10 CMakeFiles/lcd_pwm_demo.dir/D_/pico/pico-sdk/src/rp2_common/pico_stdio/stdio.c.obj
 .text.stdio_out_chars_crlf
                0x1000a61c       0xb4 CMakeFiles/lcd_pwm_demo.dir/D_/pico/pico-sdk/src/rp2_common/pico_stdio/stdio.c.obj
 .text.stdio_buffered_printer
                0x1000a6d0       0x64 CMakeFiles/lcd_pwm_demo.dir/D_/pico/pico-sdk/src/rp2_common/pico_stdio/stdio.c.obj
 .text.stdio_put_string.isra.0
                0x1000a734       0xfc CMakeFiles/lcd_pwm_demo.dir/D_/pico/pico-sdk/src/rp2_common/pico_stdio/stdio.c.obj
 .text.__wrap_putchar
                0x1000a830       0xa0 CMakeFiles/lcd_pwm_demo.dir/D_/pico/pico-sdk/src/rp2_common/pico_stdio/stdio.c.obj
                0x1000a830                __wrap_putchar
 .text.__wrap_puts
                0x1000a8d0       0x3c CMakeFiles/lcd_pwm_demo.dir/D_/pico/pico-sdk/src/rp2_common/pico_stdio/stdio.c.obj
                0x1000a8d0                __wrap_puts
 .text.stdio_set_driver_enabled
                0x1000a90c       0x30 CMakeFiles/lcd_pwm_demo.dir/D_/pico/pico-sdk/src/rp2_common/pico_stdio/stdio.c.obj
                0x1000a90c                stdio_set_driver_enabled
 .text.__wrap_vprintf
                0x1000a93c       0xd8 CMakeFiles/lcd_pwm_demo.dir/D_/pico/pico-sdk/src/rp2_common/pico_stdio/stdio.c.obj
                0x1000a93c                __wrap_vprintf
 .text.__wrap_printf
                0x1000aa14       0x18 CMakeFiles/lcd_pwm_demo.dir/D_/pico/pico-sdk/src/rp2_common/pico_stdio/stdio.c.obj
                0x1000aa14                __wrap_printf
 .text.stdio_init_all
                0x1000aa2c        0x8 CMakeFiles/lcd_pwm_demo.dir/D_/pico/pico-sdk/src/rp2_common/pico_stdio/stdio.c.obj
                0x1000aa2c                stdio_init_all
 .text.resetd_init
                0x1000aa34        0x4 CMakeFiles/lcd_pwm_demo.dir/D_/pico/pico-sdk/src/rp2_common/pico_stdio_usb/reset_interface.c.obj
 .text.resetd_reset
                0x1000aa38        0xc CMakeFiles/lcd_pwm_demo.dir/D_/pico/pico-sdk/src/rp2_common/pico_stdio_usb/reset_interface.c.obj
 .text.resetd_open
                0x1000aa44       0x28 CMakeFiles/lcd_pwm_demo.dir/D_/pico/pico-sdk/src/rp2_common/pico_stdio_usb/reset_interface.c.obj
 .text.resetd_xfer_cb
                0x1000aa6c        0x4 CMakeFiles/lcd_pwm_demo.dir/D_/pico/pico-sdk/src/rp2_common/pico_stdio_usb/reset_interface.c.obj
 .text.resetd_control_xfer_cb
                0x1000aa70       0x64 CMakeFiles/lcd_pwm_demo.dir/D_/pico/pico-sdk/src/rp2_common/pico_stdio_usb/reset_interface.c.obj
 .text.usbd_app_driver_get_cb
                0x1000aad4        0xc CMakeFiles/lcd_pwm_demo.dir/D_/pico/pico-sdk/src/rp2_common/pico_stdio_usb/reset_interface.c.obj
                0x1000aad4                usbd_app_driver_get_cb
 .text.tud_cdc_line_coding_cb
                0x1000aae0       0x34 CMakeFiles/lcd_pwm_demo.dir/D_/pico/pico-sdk/src/rp2_common/pico_stdio_usb/reset_interface.c.obj
                0x1000aae0                tud_cdc_line_coding_cb
 .text.stdio_usb_in_chars
                0x1000ab14       0x68 CMakeFiles/lcd_pwm_demo.dir/D_/pico/pico-sdk/src/rp2_common/pico_stdio_usb/stdio_usb.c.obj
                0x1000ab14                stdio_usb_in_chars
 .text.stdio_usb_out_chars
                0x1000ab7c       0xe4 CMakeFiles/lcd_pwm_demo.dir/D_/pico/pico-sdk/src/rp2_common/pico_stdio_usb/stdio_usb.c.obj
 .text.timer_task
                0x1000ac60       0x18 CMakeFiles/lcd_pwm_demo.dir/D_/pico/pico-sdk/src/rp2_common/pico_stdio_usb/stdio_usb.c.obj
 .text.usb_irq  0x1000ac78       0x10 CMakeFiles/lcd_pwm_demo.dir/D_/pico/pico-sdk/src/rp2_common/pico_stdio_usb/stdio_usb.c.obj
 .text.low_priority_worker_irq
                0x1000ac88       0x24 CMakeFiles/lcd_pwm_demo.dir/D_/pico/pico-sdk/src/rp2_common/pico_stdio_usb/stdio_usb.c.obj
 .text.stdio_usb_init
                0x1000acac       0xb0 CMakeFiles/lcd_pwm_demo.dir/D_/pico/pico-sdk/src/rp2_common/pico_stdio_usb/stdio_usb.c.obj
                0x1000acac                stdio_usb_init
 .text.tud_descriptor_device_cb
                0x1000ad5c        0x8 CMakeFiles/lcd_pwm_demo.dir/D_/pico/pico-sdk/src/rp2_common/pico_stdio_usb/stdio_usb_descriptors.c.obj
                0x1000ad5c                tud_descriptor_device_cb
 .text.tud_descriptor_configuration_cb
                0x1000ad64        0x8 CMakeFiles/lcd_pwm_demo.dir/D_/pico/pico-sdk/src/rp2_common/pico_stdio_usb/stdio_usb_descriptors.c.obj
                0x1000ad64                tud_descriptor_configuration_cb
 .text.tud_descriptor_string_cb
                0x1000ad6c       0x74 CMakeFiles/lcd_pwm_demo.dir/D_/pico/pico-sdk/src/rp2_common/pico_stdio_usb/stdio_usb_descriptors.c.obj
                0x1000ad6c                tud_descriptor_string_cb
 .text.dcd_rp2040_irq
                0x1000ade0      0x21c CMakeFiles/lcd_pwm_demo.dir/D_/pico/pico-sdk/lib/tinyusb/src/portable/raspberrypi/rp2040/dcd_rp2040.c.obj
 .text.dcd_int_enable
                0x1000affc        0xc CMakeFiles/lcd_pwm_demo.dir/D_/pico/pico-sdk/lib/tinyusb/src/portable/raspberrypi/rp2040/dcd_rp2040.c.obj
                0x1000affc                dcd_int_enable
 .text.dcd_set_address
                0x1000b008       0x14 CMakeFiles/lcd_pwm_demo.dir/D_/pico/pico-sdk/lib/tinyusb/src/portable/raspberrypi/rp2040/dcd_rp2040.c.obj
                0x1000b008                dcd_set_address
 .text.dcd_connect
                0x1000b01c       0x10 CMakeFiles/lcd_pwm_demo.dir/D_/pico/pico-sdk/lib/tinyusb/src/portable/raspberrypi/rp2040/dcd_rp2040.c.obj
                0x1000b01c                dcd_connect
 .text.dcd_init
                0x1000b02c      0x144 CMakeFiles/lcd_pwm_demo.dir/D_/pico/pico-sdk/lib/tinyusb/src/portable/raspberrypi/rp2040/dcd_rp2040.c.obj
                0x1000b02c                dcd_init
 .text.dcd_edpt0_status_complete
                0x1000b170       0x1c CMakeFiles/lcd_pwm_demo.dir/D_/pico/pico-sdk/lib/tinyusb/src/portable/raspberrypi/rp2040/dcd_rp2040.c.obj
                0x1000b170                dcd_edpt0_status_complete
 .text.dcd_edpt_open
                0x1000b18c       0xf0 CMakeFiles/lcd_pwm_demo.dir/D_/pico/pico-sdk/lib/tinyusb/src/portable/raspberrypi/rp2040/dcd_rp2040.c.obj
                0x1000b18c                dcd_edpt_open
 .text.dcd_edpt_close_all
                0x1000b27c       0xbc CMakeFiles/lcd_pwm_demo.dir/D_/pico/pico-sdk/lib/tinyusb/src/portable/raspberrypi/rp2040/dcd_rp2040.c.obj
                0x1000b27c                dcd_edpt_close_all
 .text.dcd_edpt_xfer
                0x1000b338       0x24 CMakeFiles/lcd_pwm_demo.dir/D_/pico/pico-sdk/lib/tinyusb/src/portable/raspberrypi/rp2040/dcd_rp2040.c.obj
                0x1000b338                dcd_edpt_xfer
 .text.dcd_edpt_stall
                0x1000b35c       0x38 CMakeFiles/lcd_pwm_demo.dir/D_/pico/pico-sdk/lib/tinyusb/src/portable/raspberrypi/rp2040/dcd_rp2040.c.obj
                0x1000b35c                dcd_edpt_stall
 .text.dcd_edpt_clear_stall
                0x1000b394       0x30 CMakeFiles/lcd_pwm_demo.dir/D_/pico/pico-sdk/lib/tinyusb/src/portable/raspberrypi/rp2040/dcd_rp2040.c.obj
                0x1000b394                dcd_edpt_clear_stall
 .text._hw_endpoint_buffer_control_update32.part.0.isra.0
                0x1000b3c4       0x1c CMakeFiles/lcd_pwm_demo.dir/D_/pico/pico-sdk/lib/tinyusb/src/portable/raspberrypi/rp2040/rp2040_usb.c.obj
 .text.rp2040_usb_init
                0x1000b3e0       0x4c CMakeFiles/lcd_pwm_demo.dir/D_/pico/pico-sdk/lib/tinyusb/src/portable/raspberrypi/rp2040/rp2040_usb.c.obj
                0x1000b3e0                rp2040_usb_init
 .text.hw_endpoint_reset_transfer
                0x1000b42c        0xc CMakeFiles/lcd_pwm_demo.dir/D_/pico/pico-sdk/lib/tinyusb/src/portable/raspberrypi/rp2040/rp2040_usb.c.obj
                0x1000b42c                hw_endpoint_reset_transfer
 .text._hw_endpoint_buffer_control_update32
                0x1000b438       0x44 CMakeFiles/lcd_pwm_demo.dir/D_/pico/pico-sdk/lib/tinyusb/src/portable/raspberrypi/rp2040/rp2040_usb.c.obj
                0x1000b438                _hw_endpoint_buffer_control_update32
 .text.hw_endpoint_xfer_start
                0x1000b47c      0x138 CMakeFiles/lcd_pwm_demo.dir/D_/pico/pico-sdk/lib/tinyusb/src/portable/raspberrypi/rp2040/rp2040_usb.c.obj
                0x1000b47c                hw_endpoint_xfer_start
 .text.hw_endpoint_xfer_continue
                0x1000b5b4      0x1e4 CMakeFiles/lcd_pwm_demo.dir/D_/pico/pico-sdk/lib/tinyusb/src/portable/raspberrypi/rp2040/rp2040_usb.c.obj
                0x1000b5b4                hw_endpoint_xfer_continue
 .text.tud_mounted
                0x1000b798       0x10 CMakeFiles/lcd_pwm_demo.dir/D_/pico/pico-sdk/lib/tinyusb/src/device/usbd.c.obj
                0x1000b798                tud_mounted
 .text.tud_suspended
                0x1000b7a8       0x10 CMakeFiles/lcd_pwm_demo.dir/D_/pico/pico-sdk/lib/tinyusb/src/device/usbd.c.obj
                0x1000b7a8                tud_suspended
 .text.tud_inited
                0x1000b7b8        0xc CMakeFiles/lcd_pwm_demo.dir/D_/pico/pico-sdk/lib/tinyusb/src/device/usbd.c.obj
                0x1000b7b8                tud_inited
 .text.tud_init
                0x1000b7c4       0xd8 CMakeFiles/lcd_pwm_demo.dir/D_/pico/pico-sdk/lib/tinyusb/src/device/usbd.c.obj
                0x1000b7c4                tud_init
 .text.tud_task
                0x1000b89c      0x8ec CMakeFiles/lcd_pwm_demo.dir/D_/pico/pico-sdk/lib/tinyusb/src/device/usbd.c.obj
                0x1000b89c                tud_task
 .text.dcd_event_bus_signal
                0x1000c188      0x120 CMakeFiles/lcd_pwm_demo.dir/D_/pico/pico-sdk/lib/tinyusb/src/device/usbd.c.obj
                0x1000c188                dcd_event_bus_signal
 .text.dcd_event_bus_reset
                0x1000c2a8       0x54 CMakeFiles/lcd_pwm_demo.dir/D_/pico/pico-sdk/lib/tinyusb/src/device/usbd.c.obj
                0x1000c2a8                dcd_event_bus_reset
 .text.dcd_event_setup_received
                0x1000c2fc       0x50 CMakeFiles/lcd_pwm_demo.dir/D_/pico/pico-sdk/lib/tinyusb/src/device/usbd.c.obj
                0x1000c2fc                dcd_event_setup_received
 .text.dcd_event_xfer_complete
                0x1000c34c       0x68 CMakeFiles/lcd_pwm_demo.dir/D_/pico/pico-sdk/lib/tinyusb/src/device/usbd.c.obj
                0x1000c34c                dcd_event_xfer_complete
 .text.usbd_open_edpt_pair
                0x1000c3b4       0x80 CMakeFiles/lcd_pwm_demo.dir/D_/pico/pico-sdk/lib/tinyusb/src/device/usbd.c.obj
                0x1000c3b4                usbd_open_edpt_pair
 .text.usbd_edpt_open
                0x1000c434       0x30 CMakeFiles/lcd_pwm_demo.dir/D_/pico/pico-sdk/lib/tinyusb/src/device/usbd.c.obj
                0x1000c434                usbd_edpt_open
 .text.usbd_edpt_claim
                0x1000c464       0x64 CMakeFiles/lcd_pwm_demo.dir/D_/pico/pico-sdk/lib/tinyusb/src/device/usbd.c.obj
                0x1000c464                usbd_edpt_claim
 .text.usbd_edpt_release
                0x1000c4c8       0x4c CMakeFiles/lcd_pwm_demo.dir/D_/pico/pico-sdk/lib/tinyusb/src/device/usbd.c.obj
                0x1000c4c8                usbd_edpt_release
 .text.usbd_edpt_xfer
                0x1000c514       0x48 CMakeFiles/lcd_pwm_demo.dir/D_/pico/pico-sdk/lib/tinyusb/src/device/usbd.c.obj
                0x1000c514                usbd_edpt_xfer
 .text.tud_control_status
                0x1000c55c       0x30 CMakeFiles/lcd_pwm_demo.dir/D_/pico/pico-sdk/lib/tinyusb/src/device/usbd_control.c.obj
                0x1000c55c                tud_control_status
 .text.tud_control_xfer
                0x1000c58c       0xbc CMakeFiles/lcd_pwm_demo.dir/D_/pico/pico-sdk/lib/tinyusb/src/device/usbd_control.c.obj
                0x1000c58c                tud_control_xfer
 .text.usbd_control_reset
                0x1000c648       0x14 CMakeFiles/lcd_pwm_demo.dir/D_/pico/pico-sdk/lib/tinyusb/src/device/usbd_control.c.obj
                0x1000c648                usbd_control_reset
 .text.usbd_control_set_complete_callback
                0x1000c65c        0xc CMakeFiles/lcd_pwm_demo.dir/D_/pico/pico-sdk/lib/tinyusb/src/device/usbd_control.c.obj
                0x1000c65c                usbd_control_set_complete_callback
 .text.usbd_control_set_request
                0x1000c668       0x1c CMakeFiles/lcd_pwm_demo.dir/D_/pico/pico-sdk/lib/tinyusb/src/device/usbd_control.c.obj
                0x1000c668                usbd_control_set_request
 .text.usbd_control_xfer_cb
                0x1000c684       0xfc CMakeFiles/lcd_pwm_demo.dir/D_/pico/pico-sdk/lib/tinyusb/src/device/usbd_control.c.obj
                0x1000c684                usbd_control_xfer_cb
 .text.tud_cdc_n_connected
                0x1000c780       0x30 CMakeFiles/lcd_pwm_demo.dir/D_/pico/pico-sdk/lib/tinyusb/src/class/cdc/cdc_device.c.obj
                0x1000c780                tud_cdc_n_connected
 .text.tud_cdc_n_available
                0x1000c7b0       0x18 CMakeFiles/lcd_pwm_demo.dir/D_/pico/pico-sdk/lib/tinyusb/src/class/cdc/cdc_device.c.obj
                0x1000c7b0                tud_cdc_n_available
 .text.tud_cdc_n_read
                0x1000c7c8       0x70 CMakeFiles/lcd_pwm_demo.dir/D_/pico/pico-sdk/lib/tinyusb/src/class/cdc/cdc_device.c.obj
                0x1000c7c8                tud_cdc_n_read
 .text.tud_cdc_n_write_flush
                0x1000c838       0x78 CMakeFiles/lcd_pwm_demo.dir/D_/pico/pico-sdk/lib/tinyusb/src/class/cdc/cdc_device.c.obj
                0x1000c838                tud_cdc_n_write_flush
 .text.tud_cdc_n_write
                0x1000c8b0       0x34 CMakeFiles/lcd_pwm_demo.dir/D_/pico/pico-sdk/lib/tinyusb/src/class/cdc/cdc_device.c.obj
                0x1000c8b0                tud_cdc_n_write
 .text.tud_cdc_n_write_available
                0x1000c8e4       0x18 CMakeFiles/lcd_pwm_demo.dir/D_/pico/pico-sdk/lib/tinyusb/src/class/cdc/cdc_device.c.obj
                0x1000c8e4                tud_cdc_n_write_available
 .text.cdcd_init
                0x1000c8fc       0x7c CMakeFiles/lcd_pwm_demo.dir/D_/pico/pico-sdk/lib/tinyusb/src/class/cdc/cdc_device.c.obj
                0x1000c8fc                cdcd_init
 .text.cdcd_reset
                0x1000c978       0x2c CMakeFiles/lcd_pwm_demo.dir/D_/pico/pico-sdk/lib/tinyusb/src/class/cdc/cdc_device.c.obj
                0x1000c978                cdcd_reset
 .text.cdcd_open
                0x1000c9a4       0xe4 CMakeFiles/lcd_pwm_demo.dir/D_/pico/pico-sdk/lib/tinyusb/src/class/cdc/cdc_device.c.obj
                0x1000c9a4                cdcd_open
 .text.cdcd_control_xfer_cb
                0x1000ca88       0xe4 CMakeFiles/lcd_pwm_demo.dir/D_/pico/pico-sdk/lib/tinyusb/src/class/cdc/cdc_device.c.obj
                0x1000ca88                cdcd_control_xfer_cb
 .text.cdcd_xfer_cb
                0x1000cb6c      0x148 CMakeFiles/lcd_pwm_demo.dir/D_/pico/pico-sdk/lib/tinyusb/src/class/cdc/cdc_device.c.obj
                0x1000cb6c                cdcd_xfer_cb
 .text.tusb_init
                0x1000ccb4        0xc CMakeFiles/lcd_pwm_demo.dir/D_/pico/pico-sdk/lib/tinyusb/src/tusb.c.obj
                0x1000ccb4                tusb_init
 .text.tusb_inited
                0x1000ccc0        0x8 CMakeFiles/lcd_pwm_demo.dir/D_/pico/pico-sdk/lib/tinyusb/src/tusb.c.obj
                0x1000ccc0                tusb_inited
 .text.tu_edpt_validate
                0x1000ccc8       0x78 CMakeFiles/lcd_pwm_demo.dir/D_/pico/pico-sdk/lib/tinyusb/src/tusb.c.obj
                0x1000ccc8                tu_edpt_validate
 .text.tu_edpt_bind_driver
                0x1000cd40       0x2c CMakeFiles/lcd_pwm_demo.dir/D_/pico/pico-sdk/lib/tinyusb/src/tusb.c.obj
                0x1000cd40                tu_edpt_bind_driver
 .text.tu_fifo_config
                0x1000cd6c       0x78 CMakeFiles/lcd_pwm_demo.dir/D_/pico/pico-sdk/lib/tinyusb/src/common/tusb_fifo.c.obj
                0x1000cd6c                tu_fifo_config
 .text.tu_fifo_count
                0x1000cde4       0x20 CMakeFiles/lcd_pwm_demo.dir/D_/pico/pico-sdk/lib/tinyusb/src/common/tusb_fifo.c.obj
                0x1000cde4                tu_fifo_count
 .text.tu_fifo_empty
                0x1000ce04       0x10 CMakeFiles/lcd_pwm_demo.dir/D_/pico/pico-sdk/lib/tinyusb/src/common/tusb_fifo.c.obj
                0x1000ce04                tu_fifo_empty
 .text.tu_fifo_remaining
                0x1000ce14       0x1c CMakeFiles/lcd_pwm_demo.dir/D_/pico/pico-sdk/lib/tinyusb/src/common/tusb_fifo.c.obj
                0x1000ce14                tu_fifo_remaining
 .text.tu_fifo_read
                0x1000ce30       0x9c CMakeFiles/lcd_pwm_demo.dir/D_/pico/pico-sdk/lib/tinyusb/src/common/tusb_fifo.c.obj
                0x1000ce30                tu_fifo_read
 .text.tu_fifo_read_n
                0x1000cecc      0x100 CMakeFiles/lcd_pwm_demo.dir/D_/pico/pico-sdk/lib/tinyusb/src/common/tusb_fifo.c.obj
                0x1000cecc                tu_fifo_read_n
 .text.tu_fifo_write
                0x1000cfcc       0x7c CMakeFiles/lcd_pwm_demo.dir/D_/pico/pico-sdk/lib/tinyusb/src/common/tusb_fifo.c.obj
                0x1000cfcc                tu_fifo_write
 .text.tu_fifo_write_n
                0x1000d048      0x100 CMakeFiles/lcd_pwm_demo.dir/D_/pico/pico-sdk/lib/tinyusb/src/common/tusb_fifo.c.obj
                0x1000d048                tu_fifo_write_n
 .text.tu_fifo_clear
                0x1000d148       0x4c CMakeFiles/lcd_pwm_demo.dir/D_/pico/pico-sdk/lib/tinyusb/src/common/tusb_fifo.c.obj
                0x1000d148                tu_fifo_clear
 .text.tu_fifo_set_overwritable
                0x1000d194       0x3c CMakeFiles/lcd_pwm_demo.dir/D_/pico/pico-sdk/lib/tinyusb/src/common/tusb_fifo.c.obj
                0x1000d194                tu_fifo_set_overwritable
 .text.startup._retrieve_unique_id_on_boot
                0x1000d1d0       0x10 CMakeFiles/lcd_pwm_demo.dir/D_/pico/pico-sdk/src/rp2_common/pico_unique_id/unique_id.c.obj
 .text.pico_get_unique_board_id_string
                0x1000d1e0      0x1a8 CMakeFiles/lcd_pwm_demo.dir/D_/pico/pico-sdk/src/rp2_common/pico_unique_id/unique_id.c.obj
                0x1000d1e0                pico_get_unique_board_id_string
 .text.flash_get_unique_id
                0x1000d388       0x40 CMakeFiles/lcd_pwm_demo.dir/D_/pico/pico-sdk/src/rp2_common/hardware_flash/flash.c.obj
                0x1000d388                flash_get_unique_id
 .text.spi_init
                0x1000d3c8       0xf8 CMakeFiles/lcd_pwm_demo.dir/D_/pico/pico-sdk/src/rp2_common/hardware_spi/spi.c.obj
                0x1000d3c8                spi_init
 .text.spi_set_baudrate
                0x1000d4c0       0x94 CMakeFiles/lcd_pwm_demo.dir/D_/pico/pico-sdk/src/rp2_common/hardware_spi/spi.c.obj
                0x1000d4c0                spi_set_baudrate
 .text.strlen   0x1000d554       0x5c d:/tools/gcc-arm-none-eabi-10.3-2021.10/bin/../lib/gcc/arm-none-eabi/10.3.1/../../../../arm-none-eabi/lib/thumb/v6-m/nofp\libc.a(lib_a-strlen-stub.o)
                0x1000d554                strlen
 *(.fini)
 .fini          0x1000d5b0        0x4 d:/tools/gcc-arm-none-eabi-10.3-2021.10/bin/../lib/gcc/arm-none-eabi/10.3.1/thumb/v6-m/nofp/crti.o
                0x1000d5b0                _fini
 *fill*         0x1000d5b4        0x4 
 .fini.__stub   0x1000d5b8       0x80 linker stubs
 *crtbegin.o(.ctors)
 *crtbegin?.o(.ctors)
 *(EXCLUDE_FILE(*crtend.o *crtend?.o) .ctors)
 *(SORT_BY_NAME(.ctors.*))
 *(.ctors)
 *crtbegin.o(.dtors)
 *crtbegin?.o(.dtors)
 *(EXCLUDE_FILE(*crtend.o *crtend?.o) .dtors)
 *(SORT_BY_NAME(.dtors.*))
 *(.dtors)
 *(.eh_frame*)
 .eh_frame      0x1000d638        0x0 d:/tools/gcc-arm-none-eabi-10.3-2021.10/bin/../lib/gcc/arm-none-eabi/10.3.1/thumb/v6-m/nofp/crtbegin.o
                0x1000d638                . = ALIGN (0x4)

.glue_7         0x1000d638        0x0
 .glue_7        0x1000d638        0x0 linker stubs

.glue_7t        0x1000d638        0x0
 .glue_7t       0x1000d638        0x0 linker stubs

.vfp11_veneer   0x1000d638        0x0
 .vfp11_veneer  0x1000d638        0x0 linker stubs

.v4_bx          0x1000d638        0x0
 .v4_bx         0x1000d638        0x0 linker stubs

.iplt           0x1000d638        0x0
 .iplt          0x1000d638        0x0 d:/tools/gcc-arm-none-eabi-10.3-2021.10/bin/../lib/gcc/arm-none-eabi/10.3.1/thumb/v6-m/nofp/crtbegin.o

.rodata         0x1000d638     0x44ec
 *(EXCLUDE_FILE(*libm.a: *libc.a:*lib_a-mem*.o *libgcc.a:) .rodata*)
 .rodata.Storage_GetDirectoryBitmapFiles.str1.4
                0x1000d638        0x9 CMakeFiles/lcd_pwm_demo.dir/lib/fatfs/fatfs_storage.c.obj
 *fill*         0x1000d641        0x3 
 .rodata.follow_path.str1.4
                0x1000d644        0xf CMakeFiles/lcd_pwm_demo.dir/lib/fatfs/ff.c.obj
 *fill*         0x1000d653        0x1 
 .rodata.ExCvt  0x1000d654       0x80 CMakeFiles/lcd_pwm_demo.dir/lib/fatfs/ff.c.obj
 .rodata.Font8_Table
                0x1000d6d4      0x2f8 CMakeFiles/lcd_pwm_demo.dir/lib/font/font8.c.obj
                0x1000d6d4                Font8_Table
 .rodata.Font12_Table
                0x1000d9cc      0x474 CMakeFiles/lcd_pwm_demo.dir/lib/font/font12.c.obj
                0x1000d9cc                Font12_Table
 .rodata.Font16_Table
                0x1000de40      0xbe0 CMakeFiles/lcd_pwm_demo.dir/lib/font/font16.c.obj
                0x1000de40                Font16_Table
 .rodata.Font20_Table
                0x1000ea20      0xed8 CMakeFiles/lcd_pwm_demo.dir/lib/font/font20.c.obj
                0x1000ea20                Font20_Table
 .rodata.Font24_Table
                0x1000f8f8     0x1ab8 CMakeFiles/lcd_pwm_demo.dir/lib/font/font24.c.obj
                0x1000f8f8                Font24_Table
 .rodata.SD_Init.str1.4
                0x100113b0       0x62 CMakeFiles/lcd_pwm_demo.dir/lib/lcd/LCD_Bmp.c.obj
 *fill*         0x10011412        0x2 
 .rodata.LCD_Show_bmp.str1.4
                0x10011414       0x2f CMakeFiles/lcd_pwm_demo.dir/lib/lcd/LCD_Bmp.c.obj
                                 0x3b (size before relaxing)
 *fill*         0x10011443        0x1 
 .rodata.CSWTCH.9
                0x10011444        0xe CMakeFiles/lcd_pwm_demo.dir/lib/lcd/LCD_Driver.c.obj
 *fill*         0x10011452        0x2 
 .rodata.GUI_Showtime.str1.4
                0x10011454        0xb CMakeFiles/lcd_pwm_demo.dir/lib/lcd/LCD_GUI.c.obj
 *fill*         0x1001145f        0x1 
 .rodata.TP_GetAdFac.str1.4
                0x10011460       0x43 CMakeFiles/lcd_pwm_demo.dir/lib/lcd/LCD_Touch.c.obj
 *fill*         0x100114a3        0x1 
 .rodata.TP_gesmain.str1.4
                0x100114a4       0x30 CMakeFiles/lcd_pwm_demo.dir/lib/lcd/LCD_Touch.c.obj
 .rodata.TP_gesvallist.str1.4
                0x100114d4       0x2b CMakeFiles/lcd_pwm_demo.dir/lib/lcd/LCD_Touch.c.obj
 *fill*         0x100114ff        0x1 
 .rodata.TP_gessensor.str1.4
                0x10011500       0x1d CMakeFiles/lcd_pwm_demo.dir/lib/lcd/LCD_Touch.c.obj
 *fill*         0x1001151d        0x3 
 .rodata.TP_gessetting.str1.4
                0x10011520       0x14 CMakeFiles/lcd_pwm_demo.dir/lib/lcd/LCD_Touch.c.obj
 .rodata.TP_gesmpresultstart.str1.4
                0x10011534       0x28 CMakeFiles/lcd_pwm_demo.dir/lib/lcd/LCD_Touch.c.obj
 .rodata.TP_DrawBoard.str1.4
                0x1001155c        0xa CMakeFiles/lcd_pwm_demo.dir/lib/lcd/LCD_Touch.c.obj
 *fill*         0x10011566        0x2 
 .rodata.str1.4
                0x10011568       0xa0 CMakeFiles/lcd_pwm_demo.dir/lib/lcd/LCD_Touch.c.obj
 .rodata.spin_lock_claim_unused.str1.4
                0x10011608       0x1b CMakeFiles/lcd_pwm_demo.dir/D_/pico/pico-sdk/src/rp2_common/hardware_sync/sync.c.obj
 *fill*         0x10011623        0x1 
 .rodata.user_irq_claim_unused.str1.4
                0x10011624       0x1b CMakeFiles/lcd_pwm_demo.dir/D_/pico/pico-sdk/src/rp2_common/hardware_irq/irq.c.obj
 *fill*         0x1001163f        0x1 
 .rodata.hardware_alarm_claim.str1.4
                0x10011640       0x22 CMakeFiles/lcd_pwm_demo.dir/D_/pico/pico-sdk/src/rp2_common/hardware_timer/timer.c.obj
 *fill*         0x10011662        0x2 
 .rodata.panic.str1.4
                0x10011664       0x10 CMakeFiles/lcd_pwm_demo.dir/D_/pico/pico-sdk/src/rp2_common/pico_runtime/runtime.c.obj
                                 0x12 (size before relaxing)
 .rodata.hard_assertion_failure.str1.4
                0x10011674        0xc CMakeFiles/lcd_pwm_demo.dir/D_/pico/pico-sdk/src/rp2_common/pico_runtime/runtime.c.obj
 .rodata._ftoa.str1.4
                0x10011680       0x15 CMakeFiles/lcd_pwm_demo.dir/D_/pico/pico-sdk/src/rp2_common/pico_printf/printf.c.obj
 *fill*         0x10011695        0x3 
 .rodata._vsnprintf
                0x10011698      0x1e0 CMakeFiles/lcd_pwm_demo.dir/D_/pico/pico-sdk/src/rp2_common/pico_printf/printf.c.obj
 .rodata.pow10.0
                0x10011878       0x50 CMakeFiles/lcd_pwm_demo.dir/D_/pico/pico-sdk/src/rp2_common/pico_printf/printf.c.obj
 .rodata.str1.4
                0x100118c8       0x44 CMakeFiles/lcd_pwm_demo.dir/D_/pico/pico-sdk/src/rp2_common/pico_standard_link/binary_info.c.obj
 .rodata.__bi_44
                0x1001190c        0xc CMakeFiles/lcd_pwm_demo.dir/D_/pico/pico-sdk/src/rp2_common/pico_standard_link/binary_info.c.obj
 .rodata.__bi_75
                0x10011918        0xc CMakeFiles/lcd_pwm_demo.dir/D_/pico/pico-sdk/src/rp2_common/pico_standard_link/binary_info.c.obj
 .rodata.__bi_81
                0x10011924        0xc CMakeFiles/lcd_pwm_demo.dir/D_/pico/pico-sdk/src/rp2_common/pico_standard_link/binary_info.c.obj
 .rodata.crlf_str.0
                0x10011930        0x2 CMakeFiles/lcd_pwm_demo.dir/D_/pico/pico-sdk/src/rp2_common/pico_stdio/stdio.c.obj
 *fill*         0x10011932        0x2 
 .rodata._resetd_driver
                0x10011934       0x18 CMakeFiles/lcd_pwm_demo.dir/D_/pico/pico-sdk/src/rp2_common/pico_stdio_usb/reset_interface.c.obj
 .rodata.str1.4
                0x1001194c       0x13 CMakeFiles/lcd_pwm_demo.dir/D_/pico/pico-sdk/src/rp2_common/pico_stdio_usb/stdio_usb.c.obj
 *fill*         0x1001195f        0x1 
 .rodata.__bi_118.0
                0x10011960        0xc CMakeFiles/lcd_pwm_demo.dir/D_/pico/pico-sdk/src/rp2_common/pico_stdio_usb/stdio_usb.c.obj
 .rodata.str1.4
                0x1001196c       0x2a CMakeFiles/lcd_pwm_demo.dir/D_/pico/pico-sdk/src/rp2_common/pico_stdio_usb/stdio_usb_descriptors.c.obj
 *fill*         0x10011996        0x2 
 .rodata.usbd_desc_cfg
                0x10011998       0x54 CMakeFiles/lcd_pwm_demo.dir/D_/pico/pico-sdk/src/rp2_common/pico_stdio_usb/stdio_usb_descriptors.c.obj
 .rodata.usbd_desc_device
                0x100119ec       0x12 CMakeFiles/lcd_pwm_demo.dir/D_/pico/pico-sdk/src/rp2_common/pico_stdio_usb/stdio_usb_descriptors.c.obj
 *fill*         0x100119fe        0x2 
 .rodata.usbd_desc_str
                0x10011a00       0x18 CMakeFiles/lcd_pwm_demo.dir/D_/pico/pico-sdk/src/rp2_common/pico_stdio_usb/stdio_usb_descriptors.c.obj
 .rodata.dcd_rp2040_irq.str1.4
                0x10011a18       0x14 CMakeFiles/lcd_pwm_demo.dir/D_/pico/pico-sdk/lib/tinyusb/src/portable/raspberrypi/rp2040/dcd_rp2040.c.obj
 .rodata._hw_endpoint_buffer_control_update32.part.0.isra.0.str1.4
                0x10011a2c       0x1f CMakeFiles/lcd_pwm_demo.dir/D_/pico/pico-sdk/lib/tinyusb/src/portable/raspberrypi/rp2040/rp2040_usb.c.obj
 *fill*         0x10011a4b        0x1 
 .rodata.hw_endpoint_xfer_continue.str1.4
                0x10011a4c       0x29 CMakeFiles/lcd_pwm_demo.dir/D_/pico/pico-sdk/lib/tinyusb/src/portable/raspberrypi/rp2040/rp2040_usb.c.obj
 *fill*         0x10011a75        0x3 
 .rodata.str1.4
                0x10011a78        0x7 CMakeFiles/lcd_pwm_demo.dir/D_/pico/pico-sdk/lib/tinyusb/src/portable/raspberrypi/rp2040/rp2040_usb.c.obj
 *fill*         0x10011a7f        0x1 
 .rodata.tud_task
                0x10011a80       0x8c CMakeFiles/lcd_pwm_demo.dir/D_/pico/pico-sdk/lib/tinyusb/src/device/usbd.c.obj
 .rodata._usbd_driver
                0x10011b0c       0x18 CMakeFiles/lcd_pwm_demo.dir/D_/pico/pico-sdk/lib/tinyusb/src/device/usbd.c.obj
                0x10011b24                . = ALIGN (0x4)
 *(SORT_BY_ALIGNMENT(SORT_BY_NAME(.flashdata*)))
                0x10011b24                . = ALIGN (0x4)

.rel.dyn        0x10011b24        0x0
 .rel.iplt      0x10011b24        0x0 d:/tools/gcc-arm-none-eabi-10.3-2021.10/bin/../lib/gcc/arm-none-eabi/10.3.1/thumb/v6-m/nofp/crtbegin.o

.ARM.extab
 *(.ARM.extab* .gnu.linkonce.armextab.*)
                0x10011b24                __exidx_start = .

.ARM.exidx
 *(.ARM.exidx* .gnu.linkonce.armexidx.*)
                0x10011b24                __exidx_end = .
                0x10011b24                . = ALIGN (0x4)
                0x10011b24                __binary_info_start = .

.binary_info    0x10011b24       0x20
 *(.binary_info.keep.*)
 .binary_info.keep.__bi_ptr22
                0x10011b24        0x4 CMakeFiles/lcd_pwm_demo.dir/D_/pico/pico-sdk/src/rp2_common/pico_standard_link/binary_info.c.obj
 .binary_info.keep.__bi_ptr30
                0x10011b28        0x4 CMakeFiles/lcd_pwm_demo.dir/D_/pico/pico-sdk/src/rp2_common/pico_standard_link/binary_info.c.obj
 .binary_info.keep.__bi_ptr38
                0x10011b2c        0x4 CMakeFiles/lcd_pwm_demo.dir/D_/pico/pico-sdk/src/rp2_common/pico_standard_link/binary_info.c.obj
 .binary_info.keep.__bi_ptr44
                0x10011b30        0x4 CMakeFiles/lcd_pwm_demo.dir/D_/pico/pico-sdk/src/rp2_common/pico_standard_link/binary_info.c.obj
 .binary_info.keep.__bi_ptr50
                0x10011b34        0x4 CMakeFiles/lcd_pwm_demo.dir/D_/pico/pico-sdk/src/rp2_common/pico_standard_link/binary_info.c.obj
 .binary_info.keep.__bi_ptr75
                0x10011b38        0x4 CMakeFiles/lcd_pwm_demo.dir/D_/pico/pico-sdk/src/rp2_common/pico_standard_link/binary_info.c.obj
 .binary_info.keep.__bi_ptr81
                0x10011b3c        0x4 CMakeFiles/lcd_pwm_demo.dir/D_/pico/pico-sdk/src/rp2_common/pico_standard_link/binary_info.c.obj
 *(.binary_info.*)
 .binary_info.__bi_ptr118
                0x10011b40        0x4 CMakeFiles/lcd_pwm_demo.dir/D_/pico/pico-sdk/src/rp2_common/pico_stdio_usb/stdio_usb.c.obj
                0x10011b44                __binary_info_end = .
                0x10011b44                . = ALIGN (0x4)
                0x10011b44                __etext = .

.ram_vector_table
                0x20000000       0xc0
 *(.ram_vector_table)
 .ram_vector_table
                0x20000000       0xc0 CMakeFiles/lcd_pwm_demo.dir/D_/pico/pico-sdk/src/rp2_common/pico_runtime/runtime.c.obj
                0x20000000                ram_vector_table

.data           0x200000c0      0x4b4 load address 0x10011b44
                0x200000c0                __data_start__ = .
 *(vtable)
 *(.time_critical*)
 .time_critical.mutex_enter_blocking
                0x200000c0       0x48 CMakeFiles/lcd_pwm_demo.dir/D_/pico/pico-sdk/src/common/pico_sync/mutex.c.obj
                0x200000c0                mutex_enter_blocking
 .time_critical.mutex_try_enter
                0x20000108       0x44 CMakeFiles/lcd_pwm_demo.dir/D_/pico/pico-sdk/src/common/pico_sync/mutex.c.obj
                0x20000108                mutex_try_enter
 .time_critical.mutex_enter_timeout_ms
                0x2000014c       0xa0 CMakeFiles/lcd_pwm_demo.dir/D_/pico/pico-sdk/src/common/pico_sync/mutex.c.obj
                0x2000014c                mutex_enter_timeout_ms
 .time_critical.mutex_exit
                0x200001ec       0x28 CMakeFiles/lcd_pwm_demo.dir/D_/pico/pico-sdk/src/common/pico_sync/mutex.c.obj
                0x200001ec                mutex_exit
 .time_critical.flash_init_boot2_copyout
                0x20000214       0x30 CMakeFiles/lcd_pwm_demo.dir/D_/pico/pico-sdk/src/rp2_common/hardware_flash/flash.c.obj
 .time_critical.flash_enable_xip_via_boot2
                0x20000244       0x10 CMakeFiles/lcd_pwm_demo.dir/D_/pico/pico-sdk/src/rp2_common/hardware_flash/flash.c.obj
 .time_critical.flash_cs_force
                0x20000254       0x38 CMakeFiles/lcd_pwm_demo.dir/D_/pico/pico-sdk/src/rp2_common/hardware_flash/flash.c.obj
 .time_critical.flash_do_cmd
                0x2000028c       0xc4 CMakeFiles/lcd_pwm_demo.dir/D_/pico/pico-sdk/src/rp2_common/hardware_flash/flash.c.obj
                0x2000028c                flash_do_cmd
 .time_critical.spi_write_read_blocking
                0x20000350       0x74 CMakeFiles/lcd_pwm_demo.dir/D_/pico/pico-sdk/src/rp2_common/hardware_spi/spi.c.obj
                0x20000350                spi_write_read_blocking
 *(.text*)
 .text          0x200003c4        0x4 d:/tools/gcc-arm-none-eabi-10.3-2021.10/bin/../lib/gcc/arm-none-eabi/10.3.1/thumb/v6-m/nofp\libgcc.a(_dvmd_tls.o)
                0x200003c4                __aeabi_idiv0
                0x200003c4                __aeabi_ldiv0
 .text.__stub   0x200003c8       0x30 linker stubs
                0x200003f8                . = ALIGN (0x4)
 *(.rodata*)
                0x200003f8                . = ALIGN (0x4)
 *(.data*)
 .data.Font8    0x200003f8        0x8 CMakeFiles/lcd_pwm_demo.dir/lib/font/font8.c.obj
                0x200003f8                Font8
 .data.Font12   0x20000400        0x8 CMakeFiles/lcd_pwm_demo.dir/lib/font/font12.c.obj
                0x20000400                Font12
 .data.Font16   0x20000408        0x8 CMakeFiles/lcd_pwm_demo.dir/lib/font/font16.c.obj
                0x20000408                Font16
 .data.Font20   0x20000410        0x8 CMakeFiles/lcd_pwm_demo.dir/lib/font/font20.c.obj
                0x20000410                Font20
 .data.Font24   0x20000418        0x8 CMakeFiles/lcd_pwm_demo.dir/lib/font/font24.c.obj
                0x20000418                Font24
 .data.id       0x20000420        0x1 CMakeFiles/lcd_pwm_demo.dir/lib/lcd/LCD_Driver.c.obj
                0x20000420                id
 *fill*         0x20000421        0x3 
 .data.kitno    0x20000424       0x10 CMakeFiles/lcd_pwm_demo.dir/lib/lcd/LCD_Touch.c.obj
                0x20000424                kitno
 .data.reday    0x20000434       0x10 CMakeFiles/lcd_pwm_demo.dir/lib/lcd/LCD_Touch.c.obj
                0x20000434                reday
 .data.reml     0x20000444       0x10 CMakeFiles/lcd_pwm_demo.dir/lib/lcd/LCD_Touch.c.obj
                0x20000444                reml
 .data.reppm    0x20000454       0x10 CMakeFiles/lcd_pwm_demo.dir/lib/lcd/LCD_Touch.c.obj
                0x20000454                reppm
 .data.retime   0x20000464       0x10 CMakeFiles/lcd_pwm_demo.dir/lib/lcd/LCD_Touch.c.obj
                0x20000464                retime
 .data.ycur     0x20000474        0x4 CMakeFiles/lcd_pwm_demo.dir/lib/lcd/LCD_Touch.c.obj
                0x20000474                ycur
 .data.striped_spin_lock_num
                0x20000478        0x1 CMakeFiles/lcd_pwm_demo.dir/D_/pico/pico-sdk/src/rp2_common/hardware_sync/sync.c.obj
 *fill*         0x20000479        0x3 
 .data          0x2000047c       0x48 CMakeFiles/lcd_pwm_demo.dir/D_/pico/pico-sdk/src/rp2_common/hardware_irq/irq_handler_chain.S.obj
                0x2000047c                irq_handler_chain_slots
                0x200004ac                irq_handler_chain_first_slot
                0x200004b6                irq_handler_chain_remove_tail
 .data.default_alarm_pool
                0x200004c4       0x18 CMakeFiles/lcd_pwm_demo.dir/D_/pico/pico-sdk/src/common/pico_time/time.c.obj
 .data.default_alarm_pool_heap
                0x200004dc       0x10 CMakeFiles/lcd_pwm_demo.dir/D_/pico/pico-sdk/src/common/pico_time/time.c.obj
 *fill*         0x200004ec        0x4 
 .data.aeabi_bits_funcs
                0x200004f0       0x10 CMakeFiles/lcd_pwm_demo.dir/D_/pico/pico-sdk/src/rp2_common/pico_bit_ops/bit_ops_aeabi.S.obj
                0x200004f0                aeabi_bits_funcs
                0x20000500                aeabi_bits_funcs_end
 .data.aeabi_mem_funcs
                0x20000500       0x10 CMakeFiles/lcd_pwm_demo.dir/D_/pico/pico-sdk/src/rp2_common/pico_mem_ops/mem_ops_aeabi.S.obj
                0x20000500                aeabi_mem_funcs
                0x20000510                aeabi_mem_funcs_end
 .data.stdio_usb
                0x20000510       0x14 CMakeFiles/lcd_pwm_demo.dir/D_/pico/pico-sdk/src/rp2_common/pico_stdio_usb/stdio_usb.c.obj
                0x20000510                stdio_usb
 .data.ep_dir_string
                0x20000524        0x8 CMakeFiles/lcd_pwm_demo.dir/D_/pico/pico-sdk/lib/tinyusb/src/portable/raspberrypi/rp2040/rp2040_usb.c.obj
                0x20000524                ep_dir_string
 .data._usbd_qdef
                0x2000052c       0x24 CMakeFiles/lcd_pwm_demo.dir/D_/pico/pico-sdk/lib/tinyusb/src/device/usbd.c.obj
                0x2000052c                _usbd_qdef
                0x20000550                . = ALIGN (0x4)
 *(.after_data.*)
                0x20000550                . = ALIGN (0x4)
                0x20000550                PROVIDE (__mutex_array_start = .)
 *(SORT_BY_NAME(.mutex_array.*))
 *(.mutex_array)
 .mutex_array   0x20000550        0x8 CMakeFiles/lcd_pwm_demo.dir/D_/pico/pico-sdk/src/rp2_common/pico_stdio/stdio.c.obj
                0x20000558                PROVIDE (__mutex_array_end = .)
                0x20000558                . = ALIGN (0x4)
                0x20000558                PROVIDE (__preinit_array_start = .)
 *(SORT_BY_NAME(.preinit_array.*))
 .preinit_array.00001
                0x20000558        0x4 CMakeFiles/lcd_pwm_demo.dir/D_/pico/pico-sdk/src/rp2_common/pico_mem_ops/mem_ops_aeabi.S.obj
 .preinit_array.00010
                0x2000055c        0x4 CMakeFiles/lcd_pwm_demo.dir/D_/pico/pico-sdk/src/rp2_common/pico_bit_ops/bit_ops_aeabi.S.obj
 .preinit_array.00020
                0x20000560        0x4 CMakeFiles/lcd_pwm_demo.dir/D_/pico/pico-sdk/src/rp2_common/pico_double/double_aeabi.S.obj
 .preinit_array.00020
                0x20000564        0x4 CMakeFiles/lcd_pwm_demo.dir/D_/pico/pico-sdk/src/rp2_common/pico_float/float_aeabi.S.obj
 *(.preinit_array)
                0x20000568                PROVIDE (__preinit_array_end = .)
                0x20000568                . = ALIGN (0x4)
                0x20000568                PROVIDE (__init_array_start = .)
 *(SORT_BY_NAME(.init_array.*))
 *(.init_array)
 .init_array    0x20000568        0x4 d:/tools/gcc-arm-none-eabi-10.3-2021.10/bin/../lib/gcc/arm-none-eabi/10.3.1/thumb/v6-m/nofp/crtbegin.o
 .init_array    0x2000056c        0x4 CMakeFiles/lcd_pwm_demo.dir/D_/pico/pico-sdk/src/rp2_common/cmsis/stub/CMSIS/Device/RaspberryPi/RP2040/Source/system_RP2040.c.obj
 .init_array    0x20000570        0x4 CMakeFiles/lcd_pwm_demo.dir/D_/pico/pico-sdk/src/rp2_common/pico_unique_id/unique_id.c.obj
                0x20000574                PROVIDE (__init_array_end = .)
                0x20000574                . = ALIGN (0x4)
                [!provide]                PROVIDE (__fini_array_start = .)
 *(SORT_BY_NAME(.fini_array.*))
 *(.fini_array)
                [!provide]                PROVIDE (__fini_array_end = .)
 *(.jcr)
                0x20000574                . = ALIGN (0x4)
                0x20000574                __data_end__ = .

.igot.plt       0x20000574        0x0 load address 0x10011ff8
 .igot.plt      0x20000574        0x0 d:/tools/gcc-arm-none-eabi-10.3-2021.10/bin/../lib/gcc/arm-none-eabi/10.3.1/thumb/v6-m/nofp/crtbegin.o

.uninitialized_data
                0x20000574        0x0 load address 0x10011ff8
                0x20000574                . = ALIGN (0x4)
 *(.uninitialized_data*)

.scratch_x      0x20040000        0x0 load address 0x10011ff8
                0x20040000                __scratch_x_start__ = .
 *(.scratch_x.*)
                0x20040000                . = ALIGN (0x4)
                0x20040000                __scratch_x_end__ = .
                0x10011ff8                __scratch_x_source__ = LOADADDR (.scratch_x)

.scratch_y      0x20041000        0x0 load address 0x10011ff8
                0x20041000                __scratch_y_start__ = .
 *(.scratch_y.*)
                0x20041000                . = ALIGN (0x4)
                0x20041000                __scratch_y_end__ = .
                0x10011ff8                __scratch_y_source__ = LOADADDR (.scratch_y)

.bss            0x20000578    0x27194
                0x20000578                . = ALIGN (0x4)
                0x20000578                __bss_start__ = .
 *(SORT_BY_ALIGNMENT(SORT_BY_NAME(.bss*)))
 .bss.default_alarm_pool_entries
                0x20000578      0x100 CMakeFiles/lcd_pwm_demo.dir/D_/pico/pico-sdk/src/common/pico_time/time.c.obj
 .bss.last_avail_time.1
                0x20000678        0x8 CMakeFiles/lcd_pwm_demo.dir/D_/pico/pico-sdk/src/rp2_common/pico_stdio_usb/stdio_usb.c.obj
 .bss.sd_table  0x20000680      0x100 CMakeFiles/lcd_pwm_demo.dir/D_/pico/pico-sdk/src/rp2_common/pico_double/double_init_rom.c.obj
                0x20000680                sd_table
 .bss.sf_table  0x20000780      0x100 CMakeFiles/lcd_pwm_demo.dir/D_/pico/pico-sdk/src/rp2_common/pico_float/float_init_rom.c.obj
                0x20000780                sf_table
 .bss           0x20000880       0x1c d:/tools/gcc-arm-none-eabi-10.3-2021.10/bin/../lib/gcc/arm-none-eabi/10.3.1/thumb/v6-m/nofp/crtbegin.o
 .bss.BytesRead
                0x2000089c        0x4 CMakeFiles/lcd_pwm_demo.dir/lib/fatfs/fatfs_storage.c.obj
                0x2000089c                BytesRead
 .bss.FatFs     0x200008a0        0x4 CMakeFiles/lcd_pwm_demo.dir/lib/fatfs/ff.c.obj
 .bss.MyDirectory
                0x200008a4       0x1c CMakeFiles/lcd_pwm_demo.dir/lib/fatfs/fatfs_storage.c.obj
                0x200008a4                MyDirectory
 .bss.MyFile    0x200008c0      0x228 CMakeFiles/lcd_pwm_demo.dir/lib/fatfs/fatfs_storage.c.obj
                0x200008c0                MyFile
 .bss.MyFileInfo
                0x20000ae8       0x18 CMakeFiles/lcd_pwm_demo.dir/lib/fatfs/fatfs_storage.c.obj
                0x20000ae8                MyFileInfo
 .bss.SystemCoreClock
                0x20000b00        0x4 CMakeFiles/lcd_pwm_demo.dir/D_/pico/pico-sdk/src/rp2_common/cmsis/stub/CMSIS/Device/RaspberryPi/RP2040/Source/system_RP2040.c.obj
                0x20000b00                SystemCoreClock
 .bss._app_driver
                0x20000b04        0x4 CMakeFiles/lcd_pwm_demo.dir/D_/pico/pico-sdk/lib/tinyusb/src/device/usbd.c.obj
 .bss._cdcd_itf
                0x20000b08      0x2d8 CMakeFiles/lcd_pwm_demo.dir/D_/pico/pico-sdk/lib/tinyusb/src/class/cdc/cdc_device.c.obj
 .bss._ctrl_xfer
                0x20000de0       0x14 CMakeFiles/lcd_pwm_demo.dir/D_/pico/pico-sdk/lib/tinyusb/src/device/usbd_control.c.obj
 .bss._ubsd_mutexdef
                0x20000df4        0x8 CMakeFiles/lcd_pwm_demo.dir/D_/pico/pico-sdk/lib/tinyusb/src/device/usbd.c.obj
 .bss._usbd_ctrl_buf
                0x20000dfc       0x40 CMakeFiles/lcd_pwm_demo.dir/D_/pico/pico-sdk/lib/tinyusb/src/device/usbd_control.c.obj
 .bss._usbd_dev
                0x20000e3c       0x53 CMakeFiles/lcd_pwm_demo.dir/D_/pico/pico-sdk/lib/tinyusb/src/device/usbd.c.obj
 *fill*         0x20000e8f        0x1 
 .bss._usbd_mutex
                0x20000e90        0x4 CMakeFiles/lcd_pwm_demo.dir/D_/pico/pico-sdk/lib/tinyusb/src/device/usbd.c.obj
 .bss._usbd_q   0x20000e94        0x4 CMakeFiles/lcd_pwm_demo.dir/D_/pico/pico-sdk/lib/tinyusb/src/device/usbd.c.obj
 .bss._usbd_qdef_buf
                0x20000e98       0xc0 CMakeFiles/lcd_pwm_demo.dir/D_/pico/pico-sdk/lib/tinyusb/src/device/usbd.c.obj
                0x20000e98                _usbd_qdef_buf
 .bss.aBuffer   0x20000f58      0x5a0 CMakeFiles/lcd_pwm_demo.dir/lib/fatfs/fatfs_storage.c.obj
                0x20000f58                aBuffer
 .bss.alarm_callbacks
                0x200014f8       0x10 CMakeFiles/lcd_pwm_demo.dir/D_/pico/pico-sdk/src/rp2_common/hardware_timer/timer.c.obj
 .bss.boot2_copyout
                0x20001508      0x100 CMakeFiles/lcd_pwm_demo.dir/D_/pico/pico-sdk/src/rp2_common/hardware_flash/flash.c.obj
 .bss.claimed   0x20001608        0x4 CMakeFiles/lcd_pwm_demo.dir/D_/pico/pico-sdk/src/rp2_common/hardware_sync/sync.c.obj
 .bss.configured_freq
                0x2000160c       0x28 CMakeFiles/lcd_pwm_demo.dir/D_/pico/pico-sdk/src/rp2_common/hardware_clocks/clocks.c.obj
 .bss.default_alarm_pool_entry_ids_high
                0x20001634       0x10 CMakeFiles/lcd_pwm_demo.dir/D_/pico/pico-sdk/src/common/pico_time/time.c.obj
 .bss.default_alarm_pool_heap_nodes
                0x20001644       0x30 CMakeFiles/lcd_pwm_demo.dir/D_/pico/pico-sdk/src/common/pico_time/time.c.obj
 .bss.desc_str.0
                0x20001674       0x28 CMakeFiles/lcd_pwm_demo.dir/D_/pico/pico-sdk/src/rp2_common/pico_stdio_usb/stdio_usb_descriptors.c.obj
 .bss.drivers   0x2000169c        0x4 CMakeFiles/lcd_pwm_demo.dir/D_/pico/pico-sdk/src/rp2_common/pico_stdio/stdio.c.obj
 .bss.file_name
                0x200016a0      0x113 CMakeFiles/lcd_pwm_demo.dir/lib/lcd/LCD_Bmp.c.obj
                0x200016a0                file_name
 *fill*         0x200017b3        0x1 
 .bss.filter    0x200017b4        0x4 CMakeFiles/lcd_pwm_demo.dir/D_/pico/pico-sdk/src/rp2_common/pico_stdio/stdio.c.obj
 .bss.hw_endpoints
                0x200017b8      0x400 CMakeFiles/lcd_pwm_demo.dir/D_/pico/pico-sdk/lib/tinyusb/src/portable/raspberrypi/rp2040/dcd_rp2040.c.obj
 .bss.lazy_vsnprintf
                0x20001bb8        0x4 CMakeFiles/lcd_pwm_demo.dir/D_/pico/pico-sdk/src/rp2_common/pico_printf/printf.c.obj
 .bss.load_value
                0x20001bbc        0x4 CMakeFiles/lcd_pwm_demo.dir/D_/pico/pico-sdk/src/rp2_common/hardware_watchdog/watchdog.c.obj
 .bss.microSDFatFs
                0x20001bc0      0x230 CMakeFiles/lcd_pwm_demo.dir/lib/lcd/LCD_Bmp.c.obj
                0x20001bc0                microSDFatFs
 .bss.next_buffer_ptr
                0x20001df0        0x4 CMakeFiles/lcd_pwm_demo.dir/D_/pico/pico-sdk/lib/tinyusb/src/portable/raspberrypi/rp2040/dcd_rp2040.c.obj
 .bss.pDirectoryFiles
                0x20001df4       0x64 CMakeFiles/lcd_pwm_demo.dir/lib/lcd/LCD_Bmp.c.obj
                0x20001df4                pDirectoryFiles
 .bss.pic       0x20001e58    0x25800 CMakeFiles/lcd_pwm_demo.dir/lib/fatfs/fatfs_storage.c.obj
                0x20001e58                pic
 .bss.pools     0x20027658       0x10 CMakeFiles/lcd_pwm_demo.dir/D_/pico/pico-sdk/src/common/pico_time/time.c.obj
 .bss.pwmgui    0x20027668        0x4 CMakeFiles/lcd_pwm_demo.dir/lib/lcd/LCD_Touch.c.obj
 .bss.retrieved_id
                0x2002766c        0x8 CMakeFiles/lcd_pwm_demo.dir/D_/pico/pico-sdk/src/rp2_common/pico_unique_id/unique_id.c.obj
 .bss.sLCD_DIS  0x20027674        0xa CMakeFiles/lcd_pwm_demo.dir/lib/lcd/LCD_Driver.c.obj
                0x20027674                sLCD_DIS
 *fill*         0x2002767e        0x2 
 .bss.sTP_DEV   0x20027680       0x1c CMakeFiles/lcd_pwm_demo.dir/lib/lcd/LCD_Touch.c.obj
 .bss.sTP_Draw  0x2002769c        0x8 CMakeFiles/lcd_pwm_demo.dir/lib/lcd/LCD_Touch.c.obj
 .bss.settime   0x200276a4        0x8 CMakeFiles/lcd_pwm_demo.dir/lib/lcd/LCD_Touch.c.obj
 .bss.sf_clz_func
                0x200276ac        0x4 CMakeFiles/lcd_pwm_demo.dir/D_/pico/pico-sdk/src/rp2_common/pico_double/double_init_rom.c.obj
                0x200276ac                sf_clz_func
 .bss.sleep_notifier
                0x200276b0        0x4 CMakeFiles/lcd_pwm_demo.dir/D_/pico/pico-sdk/src/common/pico_time/time.c.obj
 .bss.slice_num
                0x200276b4        0x4 CMakeFiles/lcd_pwm_demo.dir/lib/config/DEV_Config.c.obj
 .bss.stdio_usb_mutex
                0x200276b8        0x8 CMakeFiles/lcd_pwm_demo.dir/D_/pico/pico-sdk/src/rp2_common/pico_stdio_usb/stdio_usb.c.obj
 .bss.str       0x200276c0       0x14 CMakeFiles/lcd_pwm_demo.dir/lib/lcd/LCD_Bmp.c.obj
                0x200276c0                str
 .bss.target_hi
                0x200276d4       0x10 CMakeFiles/lcd_pwm_demo.dir/D_/pico/pico-sdk/src/rp2_common/hardware_timer/timer.c.obj
 .bss.usbd_serial_str
                0x200276e4       0x11 CMakeFiles/lcd_pwm_demo.dir/D_/pico/pico-sdk/src/rp2_common/pico_stdio_usb/stdio_usb_descriptors.c.obj
 *fill*         0x200276f5        0x3 
 .bss.user_irq_claimed
                0x200276f8        0x2 CMakeFiles/lcd_pwm_demo.dir/D_/pico/pico-sdk/src/rp2_common/hardware_irq/irq.c.obj
 .bss.Fsid      0x200276fa        0x2 CMakeFiles/lcd_pwm_demo.dir/lib/fatfs/ff.c.obj
 .bss.pagestatus
                0x200276fc        0x2 CMakeFiles/lcd_pwm_demo.dir/lib/lcd/LCD_Touch.c.obj
                0x200276fc                pagestatus
 .bss.SD_Type   0x200276fe        0x1 CMakeFiles/lcd_pwm_demo.dir/lib/sdcard/MMC_SD.c.obj
                0x200276fe                SD_Type
 .bss._app_driver_count
                0x200276ff        0x1 CMakeFiles/lcd_pwm_demo.dir/D_/pico/pico-sdk/lib/tinyusb/src/device/usbd.c.obj
 .bss._usbd_initialized
                0x20027700        0x1 CMakeFiles/lcd_pwm_demo.dir/D_/pico/pico-sdk/lib/tinyusb/src/device/usbd.c.obj
 .bss.boot2_copyout_valid
                0x20027701        0x1 CMakeFiles/lcd_pwm_demo.dir/D_/pico/pico-sdk/src/rp2_common/hardware_flash/flash.c.obj
 .bss.claimed   0x20027702        0x1 CMakeFiles/lcd_pwm_demo.dir/D_/pico/pico-sdk/src/rp2_common/hardware_timer/timer.c.obj
 .bss.f_res     0x20027703        0x1 CMakeFiles/lcd_pwm_demo.dir/lib/lcd/LCD_Bmp.c.obj
                0x20027703                f_res
 .bss.irq_hander_chain_free_slot_head
                0x20027704        0x1 CMakeFiles/lcd_pwm_demo.dir/D_/pico/pico-sdk/src/rp2_common/hardware_irq/irq.c.obj
 .bss.itf_num   0x20027705        0x1 CMakeFiles/lcd_pwm_demo.dir/D_/pico/pico-sdk/src/rp2_common/pico_stdio_usb/reset_interface.c.obj
 .bss.low_priority_irq_num
                0x20027706        0x1 CMakeFiles/lcd_pwm_demo.dir/D_/pico/pico-sdk/src/rp2_common/pico_stdio_usb/stdio_usb.c.obj
 .bss.pwmstatus
                0x20027707        0x1 CMakeFiles/lcd_pwm_demo.dir/lib/lcd/LCD_Touch.c.obj
                0x20027707                pwmstatus
 .bss.sstart    0x20027708        0x1 CMakeFiles/lcd_pwm_demo.dir/lib/lcd/LCD_Touch.c.obj
                0x20027708                sstart
 .bss.sstop     0x20027709        0x1 CMakeFiles/lcd_pwm_demo.dir/lib/lcd/LCD_Touch.c.obj
                0x20027709                sstop
 .bss.timer_callbacks_pending
                0x2002770a        0x1 CMakeFiles/lcd_pwm_demo.dir/D_/pico/pico-sdk/src/rp2_common/hardware_timer/timer.c.obj
 *(COMMON)
                0x2002770c                . = ALIGN (0x4)
 *fill*         0x2002770b        0x1 
                0x2002770c                __bss_end__ = .

.heap           0x2002770c      0x800
                0x2002770c                __end__ = .
                0x2002770c                end = __end__
 *(.heap*)
 .heap          0x2002770c      0x800 CMakeFiles/lcd_pwm_demo.dir/D_/pico/pico-sdk/src/rp2_common/pico_standard_link/crt0.S.obj
                0x20027f0c                __HeapLimit = .

.stack1_dummy   0x20040000        0x0
 *(.stack1*)

.stack_dummy    0x20041000      0x800
 *(.stack*)
 .stack         0x20041000      0x800 CMakeFiles/lcd_pwm_demo.dir/D_/pico/pico-sdk/src/rp2_common/pico_standard_link/crt0.S.obj

.flash_end      0x10011ff8        0x0
                0x10011ff8                __flash_binary_end = .
                0x20040000                __StackLimit = (ORIGIN (RAM) + LENGTH (RAM))
                0x20041000                __StackOneTop = (ORIGIN (SCRATCH_X) + LENGTH (SCRATCH_X))
                0x20042000                __StackTop = (ORIGIN (SCRATCH_Y) + LENGTH (SCRATCH_Y))
                0x20041000                __StackOneBottom = (__StackOneTop - SIZEOF (.stack1_dummy))
                0x20041800                __StackBottom = (__StackTop - SIZEOF (.stack_dummy))
                0x20042000                PROVIDE (__stack = __StackTop)
                0x00000001                ASSERT ((__StackLimit >= __HeapLimit), region RAM overflowed)
                0x00000001                ASSERT (((__binary_info_header_end - __logical_binary_start) <= 0x100), Binary info must be in first 256 bytes of the binary)
LOAD CMakeFiles/lcd_pwm_demo.dir/main.c.obj
LOAD CMakeFiles/lcd_pwm_demo.dir/view/lcd_test.c.obj
LOAD CMakeFiles/lcd_pwm_demo.dir/lib/config/DEV_Config.c.obj
LOAD CMakeFiles/lcd_pwm_demo.dir/lib/fatfs/diskio.c.obj
LOAD CMakeFiles/lcd_pwm_demo.dir/lib/fatfs/fatfs_storage.c.obj
LOAD CMakeFiles/lcd_pwm_demo.dir/lib/fatfs/ff.c.obj
LOAD CMakeFiles/lcd_pwm_demo.dir/lib/font/font8.c.obj
LOAD CMakeFiles/lcd_pwm_demo.dir/lib/font/font12.c.obj
LOAD CMakeFiles/lcd_pwm_demo.dir/lib/font/font16.c.obj
LOAD CMakeFiles/lcd_pwm_demo.dir/lib/font/font20.c.obj
LOAD CMakeFiles/lcd_pwm_demo.dir/lib/font/font24.c.obj
LOAD CMakeFiles/lcd_pwm_demo.dir/lib/lcd/LCD_Bmp.c.obj
LOAD CMakeFiles/lcd_pwm_demo.dir/lib/lcd/LCD_Driver.c.obj
LOAD CMakeFiles/lcd_pwm_demo.dir/lib/lcd/LCD_GUI.c.obj
LOAD CMakeFiles/lcd_pwm_demo.dir/lib/lcd/LCD_Touch.c.obj
LOAD CMakeFiles/lcd_pwm_demo.dir/lib/sdcard/MMC_SD.c.obj
LOAD CMakeFiles/lcd_pwm_demo.dir/lib/lcd/lcd_fonts.c.obj
LOAD CMakeFiles/lcd_pwm_demo.dir/lib/font/han.c.obj
LOAD CMakeFiles/lcd_pwm_demo.dir/bsp/bsp.c.obj
LOAD CMakeFiles/lcd_pwm_demo.dir/D_/pico/pico-sdk/src/rp2_common/cmsis/stub/CMSIS/Device/RaspberryPi/RP2040/Source/system_RP2040.c.obj
LOAD CMakeFiles/lcd_pwm_demo.dir/D_/pico/pico-sdk/src/rp2_common/hardware_clocks/clocks.c.obj
LOAD CMakeFiles/lcd_pwm_demo.dir/D_/pico/pico-sdk/src/rp2_common/hardware_claim/claim.c.obj
LOAD CMakeFiles/lcd_pwm_demo.dir/D_/pico/pico-sdk/src/rp2_common/pico_platform/platform.c.obj
LOAD CMakeFiles/lcd_pwm_demo.dir/D_/pico/pico-sdk/src/rp2_common/hardware_sync/sync.c.obj
LOAD CMakeFiles/lcd_pwm_demo.dir/D_/pico/pico-sdk/src/rp2_common/hardware_gpio/gpio.c.obj
LOAD CMakeFiles/lcd_pwm_demo.dir/D_/pico/pico-sdk/src/rp2_common/hardware_irq/irq.c.obj
LOAD CMakeFiles/lcd_pwm_demo.dir/D_/pico/pico-sdk/src/rp2_common/hardware_irq/irq_handler_chain.S.obj
LOAD CMakeFiles/lcd_pwm_demo.dir/D_/pico/pico-sdk/src/common/pico_sync/sem.c.obj
LOAD CMakeFiles/lcd_pwm_demo.dir/D_/pico/pico-sdk/src/common/pico_sync/lock_core.c.obj